Component: ARM Compiler 5.06 update 7 (build 960) Tool: armlink [4d3601]

==============================================================================

Section Cross References

    startup_stm32f103xe.o(RESET) refers to startup_stm32f103xe.o(STACK) for __initial_sp
    startup_stm32f103xe.o(RESET) refers to startup_stm32f103xe.o(.text) for Reset_Handler
    startup_stm32f103xe.o(RESET) refers to stm32f1xx_it.o(i.NMI_Handler) for NMI_Handler
    startup_stm32f103xe.o(RESET) refers to stm32f1xx_it.o(i.HardFault_Handler) for HardFault_Handler
    startup_stm32f103xe.o(RESET) refers to stm32f1xx_it.o(i.MemManage_Handler) for MemManage_Handler
    startup_stm32f103xe.o(RESET) refers to stm32f1xx_it.o(i.BusFault_Handler) for BusFault_Handler
    startup_stm32f103xe.o(RESET) refers to stm32f1xx_it.o(i.UsageFault_Handler) for UsageFault_Handler
    startup_stm32f103xe.o(RESET) refers to stm32f1xx_it.o(i.SVC_Handler) for SVC_Handler
    startup_stm32f103xe.o(RESET) refers to stm32f1xx_it.o(i.DebugMon_Handler) for DebugMon_Handler
    startup_stm32f103xe.o(RESET) refers to stm32f1xx_it.o(i.PendSV_Handler) for PendSV_Handler
    startup_stm32f103xe.o(RESET) refers to stm32f1xx_it.o(i.SysTick_Handler) for SysTick_Handler
    startup_stm32f103xe.o(RESET) refers to bsp_ov7725.o(i.EXTI9_5_IRQHandler) for EXTI9_5_IRQHandler
    startup_stm32f103xe.o(RESET) refers to bsp_usart.o(i.USART1_IRQHandler) for USART1_IRQHandler
    startup_stm32f103xe.o(RESET) refers to stm32f1xx_it.o(i.SDIO_IRQHandler) for SDIO_IRQHandler
    startup_stm32f103xe.o(RESET) refers to stm32f1xx_it.o(i.DMA2_Channel4_5_IRQHandler) for DMA2_Channel4_5_IRQHandler
    startup_stm32f103xe.o(.text) refers to system_stm32f1xx.o(i.SystemInit) for SystemInit
    startup_stm32f103xe.o(.text) refers to entry.o(.ARM.Collect$$$$00000000) for __main
    main.o(i.SystemClock_Config) refers to memseta.o(.text) for __aeabi_memclr4
    main.o(i.SystemClock_Config) refers to stm32f1xx_hal_rcc.o(i.HAL_RCC_OscConfig) for HAL_RCC_OscConfig
    main.o(i.SystemClock_Config) refers to stm32f1xx_hal_rcc.o(i.HAL_RCC_ClockConfig) for HAL_RCC_ClockConfig
    main.o(i.main) refers to stm32f1xx_hal.o(i.HAL_Init) for HAL_Init
    main.o(i.main) refers to main.o(i.SystemClock_Config) for SystemClock_Config
    main.o(i.main) refers to gpio.o(i.MX_GPIO_Init) for MX_GPIO_Init
    main.o(i.main) refers to fsmc.o(i.MX_FSMC_Init) for MX_FSMC_Init
    main.o(i.main) refers to dma.o(i.MX_DMA_Init) for MX_DMA_Init
    main.o(i.main) refers to sdio.o(i.MX_SDIO_SD_Init) for MX_SDIO_SD_Init
    main.o(i.main) refers to usart.o(i.MX_USART1_UART_Init) for MX_USART1_UART_Init
    main.o(i.main) refers to stm32f1xx_hal_cortex.o(i.HAL_NVIC_SetPriorityGrouping) for HAL_NVIC_SetPriorityGrouping
    main.o(i.main) refers to delay.o(i.delay_init) for delay_init
    main.o(i.main) refers to bsp_sdio_sd.o(i.bsp_SD_Init) for bsp_SD_Init
    main.o(i.main) refers to bsp_flash_w25q.o(i.flash_w25qxx_Init) for flash_w25qxx_Init
    main.o(i.main) refers to bsp_ov7725.o(i.bsp_ov7725_Init) for bsp_ov7725_Init
    dma.o(i.MX_DMA_Init) refers to stm32f1xx_hal_cortex.o(i.HAL_NVIC_SetPriority) for HAL_NVIC_SetPriority
    dma.o(i.MX_DMA_Init) refers to stm32f1xx_hal_cortex.o(i.HAL_NVIC_EnableIRQ) for HAL_NVIC_EnableIRQ
    fsmc.o(i.HAL_FSMC_MspInit) refers to stm32f1xx_hal_gpio.o(i.HAL_GPIO_Init) for HAL_GPIO_Init
    fsmc.o(i.HAL_FSMC_MspInit) refers to fsmc.o(.data) for .data
    fsmc.o(i.HAL_SRAM_MspDeInit) refers to stm32f1xx_hal_gpio.o(i.HAL_GPIO_DeInit) for HAL_GPIO_DeInit
    fsmc.o(i.HAL_SRAM_MspDeInit) refers to fsmc.o(.data) for .data
    fsmc.o(i.HAL_SRAM_MspInit) refers to fsmc.o(i.HAL_FSMC_MspInit) for HAL_FSMC_MspInit
    fsmc.o(i.MX_FSMC_Init) refers to memseta.o(.text) for __aeabi_memclr4
    fsmc.o(i.MX_FSMC_Init) refers to stm32f1xx_hal_sram.o(i.HAL_SRAM_Init) for HAL_SRAM_Init
    fsmc.o(i.MX_FSMC_Init) refers to main.o(i.Error_Handler) for Error_Handler
    fsmc.o(i.MX_FSMC_Init) refers to fsmc.o(.bss) for .bss
    sdio.o(i.HAL_SD_MspDeInit) refers to stm32f1xx_hal_gpio.o(i.HAL_GPIO_DeInit) for HAL_GPIO_DeInit
    sdio.o(i.HAL_SD_MspDeInit) refers to stm32f1xx_hal_dma.o(i.HAL_DMA_DeInit) for HAL_DMA_DeInit
    sdio.o(i.HAL_SD_MspDeInit) refers to stm32f1xx_hal_cortex.o(i.HAL_NVIC_DisableIRQ) for HAL_NVIC_DisableIRQ
    sdio.o(i.HAL_SD_MspInit) refers to stm32f1xx_hal_gpio.o(i.HAL_GPIO_Init) for HAL_GPIO_Init
    sdio.o(i.HAL_SD_MspInit) refers to stm32f1xx_hal_dma.o(i.HAL_DMA_Init) for HAL_DMA_Init
    sdio.o(i.HAL_SD_MspInit) refers to main.o(i.Error_Handler) for Error_Handler
    sdio.o(i.HAL_SD_MspInit) refers to stm32f1xx_hal_cortex.o(i.HAL_NVIC_SetPriority) for HAL_NVIC_SetPriority
    sdio.o(i.HAL_SD_MspInit) refers to stm32f1xx_hal_cortex.o(i.HAL_NVIC_EnableIRQ) for HAL_NVIC_EnableIRQ
    sdio.o(i.HAL_SD_MspInit) refers to sdio.o(.bss) for .bss
    sdio.o(i.MX_SDIO_SD_Init) refers to stm32f1xx_hal_sd.o(i.HAL_SD_Init) for HAL_SD_Init
[...]
    Removing diskio.o(.rev16_text), (4 bytes).
    Removing diskio.o(.revsh_text), (4 bytes).
    Removing diskio.o(.rrx_text), (6 bytes).
    Removing diskio.o(i.disk_initialize), (28 bytes).
    Removing diskio.o(i.disk_ioctl), (100 bytes).
    Removing diskio.o(i.disk_read), (50 bytes).
    Removing diskio.o(i.disk_status), (32 bytes).
    Removing diskio.o(i.disk_write), (48 bytes).
    Removing diskio.o(i.get_fattime), (4 bytes).
    Removing ff.o(i.check_fs), (208 bytes).
    Removing ff.o(i.clmt_clust), (38 bytes).
    Removing ff.o(i.clst2sect), (24 bytes).
    Removing ff.o(i.cmp_lfn), (128 bytes).
    Removing ff.o(i.create_chain), (218 bytes).
    Removing ff.o(i.create_name), (560 bytes).
    Removing ff.o(i.create_partition), (312 bytes).
    Removing ff.o(i.dbc_1st), (16 bytes).
    Removing ff.o(i.dir_alloc), (72 bytes).
    Removing ff.o(i.dir_clear), (88 bytes).
    Removing ff.o(i.dir_find), (190 bytes).
    Removing ff.o(i.dir_next), (188 bytes).
    Removing ff.o(i.dir_read), (182 bytes).
    Removing ff.o(i.dir_register), (428 bytes).
    Removing ff.o(i.dir_remove), (78 bytes).
    Removing ff.o(i.dir_sdi), (142 bytes).
    Removing ff.o(i.f_close), (30 bytes).
    Removing ff.o(i.f_closedir), (20 bytes).
    Removing ff.o(i.f_getfree), (208 bytes).
    Removing ff.o(i.f_getlabel), (150 bytes).
    Removing ff.o(i.f_lseek), (570 bytes).
    Removing ff.o(i.f_mkdir), (258 bytes).
    Removing ff.o(i.f_mkfs), (1460 bytes).
    Removing ff.o(i.f_mount), (72 bytes).
    Removing ff.o(i.f_open), (452 bytes).
    Removing ff.o(i.f_opendir), (98 bytes).
    Removing ff.o(i.f_read), (374 bytes).
    Removing ff.o(i.f_readdir), (64 bytes).
    Removing ff.o(i.f_rename), (250 bytes).
    Removing ff.o(i.f_setlabel), (252 bytes).
    Removing ff.o(i.f_stat), (60 bytes).
    Removing ff.o(i.f_sync), (142 bytes).
    Removing ff.o(i.f_truncate), (162 bytes).
    Removing ff.o(i.f_unlink), (146 bytes).
    Removing ff.o(i.f_write), (434 bytes).
    Removing ff.o(i.follow_path), (124 bytes).
    Removing ff.o(i.gen_numname), (156 bytes).
    Removing ff.o(i.get_fat), (232 bytes).
    Removing ff.o(i.get_fileinfo), (338 bytes).
    Removing ff.o(i.get_ldnumber), (56 bytes).
    Removing ff.o(i.ld_clust), (38 bytes).
    Removing ff.o(i.ld_dword), (22 bytes).
    Removing ff.o(i.ld_word), (10 bytes).
    Removing ff.o(i.mount_volume), (648 bytes).
    Removing ff.o(i.move_window), (50 bytes).
    Removing ff.o(i.pick_lfn), (116 bytes).
    Removing ff.o(i.put_fat), (292 bytes).
    Removing ff.o(i.remove_chain), (116 bytes).
    Removing ff.o(i.st_clust), (40 bytes).
    Removing ff.o(i.st_dword), (16 bytes).
    Removing ff.o(i.st_word), (8 bytes).
    Removing ff.o(i.sum_sfn), (26 bytes).
    Removing ff.o(i.sync_fs), (132 bytes).
    Removing ff.o(i.sync_window), (70 bytes).
    Removing ff.o(i.tchar2uni), (78 bytes).
    Removing ff.o(i.validate), (52 bytes).
    Removing ff.o(.bss), (524 bytes).
    Removing ff.o(.constdata), (76 bytes).
    Removing ff.o(.constdata), (10 bytes).
    Removing ff.o(.data), (2 bytes).
    Removing ffunicode.o(i.ff_oem2uni), (76 bytes).
    Removing ffunicode.o(i.ff_uni2oem), (84 bytes).
    Removing ffunicode.o(i.ff_wtoupper), (136 bytes).
    Removing ffunicode.o(.constdata), (108718 bytes).
    Removing dadd.o(.text), (334 bytes).
    Removing dscalb.o(.text), (46 bytes).
    Removing dflti.o(.text), (34 bytes).
    Removing dfixi.o(.text), (62 bytes).
    Removing dfixui.o(.text), (50 bytes).
    Removing depilogue.o(.text), (186 bytes).
    Removing dmul.o(.text), (228 bytes).
    Removing ddiv.o(.text), (222 bytes).
    Removing dfixul.o(.text), (48 bytes).
    Removing cdrcmple.o(.text), (48 bytes).

532 unused section(s) (total 151424 bytes) removed from the image.

==============================================================================

Image Symbol Table

    Local Symbols

    Symbol Name                              Value     Ov Type        Size  Object(Section)

    ../Core/Src/dma.c                        0x00000000   Number         0  dma.o ABSOLUTE
    ../Core/Src/fsmc.c                       0x00000000   Number         0  fsmc.o ABSOLUTE
    ../Core/Src/gpio.c                       0x00000000   Number         0  gpio.o ABSOLUTE
    ../Core/Src/main.c                       0x00000000   Number         0  main.o ABSOLUTE
    ../Core/Src/sdio.c                       0x00000000   Number         0  sdio.o ABSOLUTE
    ../Core/Src/stm32f1xx_hal_msp.c          0x00000000   Number         0  stm32f1xx_hal_msp.o ABSOLUTE
    ../Core/Src/stm32f1xx_it.c               0x00000000   Number         0  stm32f1xx_it.o ABSOLUTE
    ../Core/Src/system_stm32f1xx.c           0x00000000   Number         0  system_stm32f1xx.o ABSOLUTE
    ../Core/Src/usart.c                      0x00000000   Number         0  usart.o ABSOLUTE
    ../Drivers/STM32F1xx_HAL_Driver/Src/stm32f1xx_hal.c 0x00000000   Number         0  stm32f1xx_hal.o ABSOLUTE
    ../Drivers/STM32F1xx_HAL_Driver/Src/stm32f1xx_hal_cortex.c 0x00000000   Number         0  stm32f1xx_hal_cortex.o ABSOLUTE
    ../Drivers/STM32F1xx_HAL_Driver/Src/stm32f1xx_hal_dma.c 0x00000000   Number         0  stm32f1xx_hal_dma.o ABSOLUTE
    ../Drivers/STM32F1xx_HAL_Driver/Src/stm32f1xx_hal_exti.c 0x00000000   Number         0  stm32f1xx_hal_exti.o ABSOLUTE
    ../Drivers/STM32F1xx_HAL_Driver/Src/stm32f1xx_hal_flash.c 0x00000000   Number         0  stm32f1xx_hal_flash.o ABSOLUTE
    ../Drivers/STM32F1xx_HAL_Driver/Src/stm32f1xx_hal_flash_ex.c 0x00000000   Number         0  stm32f1xx_hal_flash_ex.o ABSOLUTE
    ../Drivers/STM32F1xx_HAL_Driver/Src/stm32f1xx_hal_gpio.c 0x00000000   Number         0  stm32f1xx_hal_gpio.o ABSOLUTE
    ../Drivers/STM32F1xx_HAL_Driver/Src/stm32f1xx_hal_gpio_ex.c 0x00000000   Number         0  stm32f1xx_hal_gpio_ex.o ABSOLUTE
    ../Drivers/STM32F1xx_HAL_Driver/Src/stm32f1xx_hal_pwr.c 0x00000000   Number         0  stm32f1xx_hal_pwr.o ABSOLUTE
    ../Drivers/STM32F1xx_HAL_Driver/Src/stm32f1xx_hal_rcc.c 0x00000000   Number         0  stm32f1xx_hal_rcc.o ABSOLUTE
    ../Drivers/STM32F1xx_HAL_Driver/Src/stm32f1xx_hal_rcc_ex.c 0x00000000   Number         0  stm32f1xx_hal_rcc_ex.o ABSOLUTE
    ../Drivers/STM32F1xx_HAL_Driver/Src/stm32f1xx_hal_sd.c 0x00000000   Number         0  stm32f1xx_hal_sd.o ABSOLUTE
    ../Drivers/STM32F1xx_HAL_Driver/Src/stm32f1xx_hal_sram.c 0x00000000   Number         0  stm32f1xx_hal_sram.o ABSOLUTE
    ../Drivers/STM32F1xx_HAL_Driver/Src/stm32f1xx_hal_tim.c 0x00000000   Number         0  stm32f1xx_hal_tim.o ABSOLUTE
    ../Drivers/STM32F1xx_HAL_Driver/Src/stm32f1xx_hal_tim_ex.c 0x00000000   Number         0  stm32f1xx_hal_tim_ex.o ABSOLUTE
    ../Drivers/STM32F1xx_HAL_Driver/Src/stm32f1xx_hal_uart.c 0x00000000   Number         0  stm32f1xx_hal_uart.o ABSOLUTE
    ../Drivers/STM32F1xx_HAL_Driver/Src/stm32f1xx_ll_sdmmc.c 0x00000000   Number         0  stm32f1xx_ll_sdmmc.o ABSOLUTE
    ../clib/microlib/division.c              0x00000000   Number         0  uldiv.o ABSOLUTE
    ../clib/microlib/division.c              0x00000000   Number         0  uidiv.o ABSOLUTE
    ../clib/microlib/init/entry.s            0x00000000   Number         0  entry8b.o ABSOLUTE
    ../clib/microlib/init/entry.s            0x00000000   Number         0  entry10b.o ABSOLUTE
    ../clib/microlib/init/entry.s            0x00000000   Number         0  entry5.o ABSOLUTE
    ../clib/microlib/init/entry.s            0x00000000   Number         0  entry7b.o ABSOLUTE
    ../clib/microlib/init/entry.s            0x00000000   Number         0  entry2.o ABSOLUTE
    ../clib/microlib/init/entry.s            0x00000000   Number         0  entry9b.o ABSOLUTE
    ../clib/microlib/init/entry.s            0x00000000   Number         0  entry8a.o ABSOLUTE
    ../clib/microlib/init/entry.s            0x00000000   Number         0  entry11a.o ABSOLUTE
    ../clib/microlib/init/entry.s            0x00000000   Number         0  entry7a.o ABSOLUTE
    ../clib/microlib/init/entry.s            0x00000000   Number         0  entry.o ABSOLUTE
    ../clib/microlib/init/entry.s            0x00000000   Number         0  entry11b.o ABSOLUTE
    ../clib/microlib/init/entry.s            0x00000000   Number         0  entry12a.o ABSOLUTE
    ../clib/microlib/init/entry.s            0x00000000   Number         0  entry12b.o ABSOLUTE
    ../clib/microlib/init/entry.s            0x00000000   Number         0  entry9a.o ABSOLUTE
    ../clib/microlib/init/entry.s            0x00000000   Number         0  entry10a.o ABSOLUTE
    ../clib/microlib/longlong.c              0x00000000   Number         0  llsshr.o ABSOLUTE
    ../clib/microlib/longlong.c              0x00000000   Number         0  llshl.o ABSOLUTE
    ../clib/microlib/longlong.c              0x00000000   Number         0  llushr.o ABSOLUTE
    ../clib/microlib/printf/printf.c         0x00000000   Number         0  printfa.o ABSOLUTE
    ../clib/microlib/printf/printf.c         0x00000000   Number         0  printf8.o ABSOLUTE
    ../clib/microlib/printf/printf.c         0x00000000   Number         0  printf7.o ABSOLUTE
    ../clib/microlib/printf/printf.c         0x00000000   Number         0  printf6.o ABSOLUTE
    ../clib/microlib/printf/printf.c         0x00000000   Number         0  printf5.o ABSOLUTE
    ../clib/microlib/printf/printf.c         0x00000000   Number         0  printf1.o ABSOLUTE
    ../clib/microlib/printf/printf.c         0x00000000   Number         0  printf0.o ABSOLUTE
    ../clib/microlib/printf/printf.c         0x00000000   Number         0  printfb.o ABSOLUTE
    ../clib/microlib/printf/printf.c         0x00000000   Number         0  printf3.o ABSOLUTE
    ../clib/microlib/printf/printf.c         0x00000000   Number         0  printf4.o ABSOLUTE
    ../clib/microlib/printf/printf.c         0x00000000   Number         0  printf2.o ABSOLUTE
    ../clib/microlib/printf/stubs.s          0x00000000   Number         0  stubs.o ABSOLUTE
    ../clib/microlib/string/memcmp.c         0x00000000   Number         0  memcmp.o ABSOLUTE
    ../clib/microlib/string/memcpy.c         0x00000000   Number         0  memcpyb.o ABSOLUTE
    ../clib/microlib/string/memcpy.c         0x00000000   Number         0  memcpya.o ABSOLUTE
    ../clib/microlib/string/memset.c         0x00000000   Number         0  memseta.o ABSOLUTE
    ../clib/microlib/string/strchr.c         0x00000000   Number         0  strchr.o ABSOLUTE
    ../clib/microlib/stubs.s                 0x00000000   Number         0  useno.o ABSOLUTE
    ../clib/microlib/stubs.s                 0x00000000   Number         0  iusefp.o ABSOLUTE
    ../fplib/microlib/fpadd.c                0x00000000   Number         0  dadd.o ABSOLUTE
    ../fplib/microlib/fpdiv.c                0x00000000   Number         0  ddiv.o ABSOLUTE
    ../fplib/microlib/fpepilogue.c           0x00000000   Number         0  depilogue.o ABSOLUTE
    ../fplib/microlib/fpfix.c                0x00000000   Number         0  dfixi.o ABSOLUTE
    ../fplib/microlib/fpfix.c                0x00000000   Number         0  dfixui.o ABSOLUTE
    ../fplib/microlib/fpfix.c                0x00000000   Number         0  dfixul.o ABSOLUTE
    ../fplib/microlib/fpflt.c                0x00000000   Number         0  dflti.o ABSOLUTE
    ../fplib/microlib/fpmul.c                0x00000000   Number         0  dmul.o ABSOLUTE
    ../fplib/microlib/fpscalb.c              0x00000000   Number         0  dscalb.o ABSOLUTE
    ..\..\..\STM32F1_BSP\package\LCD-FSMC\LCD_FSMC.c 0x00000000   Number         0  lcd_fsmc.o ABSOLUTE
    ..\..\..\STM32F1_BSP\package\bsp_malloc\bsp_malloc.c 0x00000000   Number         0  bsp_malloc.o ABSOLUTE
    ..\..\..\STM32F1_BSP\package\bsp_ov7725\bsp_ov7725.c 0x00000000   Number         0  bsp_ov7725.o ABSOLUTE
    ..\..\..\STM32F1_BSP\package\bsp_sccb\bsp_sccb.c 0x00000000   Number         0  bsp_sccb.o ABSOLUTE
    ..\..\..\STM32F1_BSP\package\bsp_sdio_sdcard\bsp_sdio_sd.c 0x00000000   Number         0  bsp_sdio_sd.o ABSOLUTE
    ..\..\..\STM32F1_BSP\package\w25qxx\bsp_flash_w25q.c 0x00000000   Number         0  bsp_flash_w25q.o ABSOLUTE
    ..\..\..\STM32F1_BSP\src\bsp_usart.c     0x00000000   Number         0  bsp_usart.o ABSOLUTE
    ..\..\..\STM32F1_BSP\src\delay.c         0x00000000   Number         0  delay.o ABSOLUTE
    ..\..\..\STM32F1_BSP\src\sys.c           0x00000000   Number         0  sys.o ABSOLUTE
    ..\Core\Src\dma.c                        0x00000000   Number         0  dma.o ABSOLUTE
    ..\Core\Src\fsmc.c                       0x00000000   Number         0  fsmc.o ABSOLUTE
    ..\Core\Src\gpio.c                       0x00000000   Number         0  gpio.o ABSOLUTE
    ..\Core\Src\main.c                       0x00000000   Number         0  main.o ABSOLUTE
    ..\Core\Src\sdio.c                       0x00000000   Number         0  sdio.o ABSOLUTE
    ..\Core\Src\stm32f1xx_hal_msp.c          0x00000000   Number         0  stm32f1xx_hal_msp.o ABSOLUTE
    ..\Core\Src\stm32f1xx_it.c               0x00000000   Number         0  stm32f1xx_it.o ABSOLUTE
    ..\Core\Src\system_stm32f1xx.c           0x00000000   Number         0  system_stm32f1xx.o ABSOLUTE
    ..\Core\Src\usart.c                      0x00000000   Number         0  usart.o ABSOLUTE
    ..\Drivers\STM32F1xx_HAL_Driver\Src\stm32f1xx_hal.c 0x00000000   Number         0  stm32f1xx_hal.o ABSOLUTE
    ..\Drivers\STM32F1xx_HAL_Driver\Src\stm32f1xx_hal_cortex.c 0x00000000   Number         0  stm32f1xx_hal_cortex.o ABSOLUTE
    ..\Drivers\STM32F1xx_HAL_Driver\Src\stm32f1xx_hal_dma.c 0x00000000   Number         0  stm32f1xx_hal_dma.o ABSOLUTE
    ..\Drivers\STM32F1xx_HAL_Driver\Src\stm32f1xx_hal_exti.c 0x00000000   Number         0  stm32f1xx_hal_exti.o ABSOLUTE
    ..\Drivers\STM32F1xx_HAL_Driver\Src\stm32f1xx_hal_flash.c 0x00000000   Number         0  stm32f1xx_hal_flash.o ABSOLUTE
    ..\Drivers\STM32F1xx_HAL_Driver\Src\stm32f1xx_hal_flash_ex.c 0x00000000   Number         0  stm32f1xx_hal_flash_ex.o ABSOLUTE
    ..\Drivers\STM32F1xx_HAL_Driver\Src\stm32f1xx_hal_gpio.c 0x00000000   Number         0  stm32f1xx_hal_gpio.o ABSOLUTE
    ..\Drivers\STM32F1xx_HAL_Driver\Src\stm32f1xx_hal_gpio_ex.c 0x00000000   Number         0  stm32f1xx_hal_gpio_ex.o ABSOLUTE
    ..\Drivers\STM32F1xx_HAL_Driver\Src\stm32f1xx_hal_pwr.c 0x00000000   Number         0  stm32f1xx_hal_pwr.o ABSOLUTE
    ..\Drivers\STM32F1xx_HAL_Driver\Src\stm32f1xx_hal_rcc.c 0x00000000   Number         0  stm32f1xx_hal_rcc.o ABSOLUTE
    ..\Drivers\STM32F1xx_HAL_Driver\Src\stm32f1xx_hal_rcc_ex.c 0x00000000   Number         0  stm32f1xx_hal_rcc_ex.o ABSOLUTE
    ..\Drivers\STM32F1xx_HAL_Driver\Src\stm32f1xx_hal_sd.c 0x00000000   Number         0  stm32f1xx_hal_sd.o ABSOLUTE
    ..\Drivers\STM32F1xx_HAL_Driver\Src\stm32f1xx_hal_spi.c 0x00000000   Number         0  stm32f1xx_hal_spi.o ABSOLUTE
    ..\Drivers\STM32F1xx_HAL_Driver\Src\stm32f1xx_hal_sram.c 0x00000000   Number         0  stm32f1xx_hal_sram.o ABSOLUTE
    ..\Drivers\STM32F1xx_HAL_Driver\Src\stm32f1xx_hal_tim.c 0x00000000   Number         0  stm32f1xx_hal_tim.o ABSOLUTE
    ..\Drivers\STM32F1xx_HAL_Driver\Src\stm32f1xx_hal_tim_ex.c 0x00000000   Number         0  stm32f1xx_hal_tim_ex.o ABSOLUTE
    ..\Drivers\STM32F1xx_HAL_Driver\Src\stm32f1xx_hal_uart.c 0x00000000   Number         0  stm32f1xx_hal_uart.o ABSOLUTE
    ..\Drivers\STM32F1xx_HAL_Driver\Src\stm32f1xx_ll_fsmc.c 0x00000000   Number         0  stm32f1xx_ll_fsmc.o ABSOLUTE
    ..\Drivers\STM32F1xx_HAL_Driver\Src\stm32f1xx_ll_sdmmc.c 0x00000000   Number         0  stm32f1xx_ll_sdmmc.o ABSOLUTE
    ..\FatFS\ff14b\source\diskio.c           0x00000000   Number         0  diskio.o ABSOLUTE
    ..\FatFS\ff14b\source\ff.c               0x00000000   Number         0  ff.o ABSOLUTE
    ..\FatFS\ff14b\source\ffsystem.c         0x00000000   Number         0  ffsystem.o ABSOLUTE
    ..\FatFS\ff14b\source\ffunicode.c        0x00000000   Number         0  ffunicode.o ABSOLUTE
    ..\\..\\..\\STM32F1_BSP\\package\\LCD-FSMC\\LCD_FSMC.c 0x00000000   Number         0  lcd_fsmc.o ABSOLUTE
    ..\\..\\..\\STM32F1_BSP\\package\\bsp_malloc\\bsp_malloc.c 0x00000000   Number         0  bsp_malloc.o ABSOLUTE
    ..\\..\\..\\STM32F1_BSP\\package\\bsp_ov7725\\bsp_ov7725.c 0x00000000   Number         0  bsp_ov7725.o ABSOLUTE
    ..\\..\\..\\STM32F1_BSP\\package\\bsp_sccb\\bsp_sccb.c 0x00000000   Number         0  bsp_sccb.o ABSOLUTE
    ..\\..\\..\\STM32F1_BSP\\package\\bsp_sdio_sdcard\\bsp_sdio_sd.c 0x00000000   Number         0  bsp_sdio_sd.o ABSOLUTE
    ..\\..\\..\\STM32F1_BSP\\package\\w25qxx\\bsp_flash_w25q.c 0x00000000   Number         0  bsp_flash_w25q.o ABSOLUTE
    ..\\..\\..\\STM32F1_BSP\\src\\bsp_usart.c 0x00000000   Number         0  bsp_usart.o ABSOLUTE
    ..\\..\\..\\STM32F1_BSP\\src\\delay.c    0x00000000   Number         0  delay.o ABSOLUTE
    ..\\..\\..\\STM32F1_BSP\\src\\sys.c      0x00000000   Number         0  sys.o ABSOLUTE
    ..\\Drivers\\STM32F1xx_HAL_Driver\\Src\\stm32f1xx_hal_spi.c 0x00000000   Number         0  stm32f1xx_hal_spi.o ABSOLUTE
    ..\\Drivers\\STM32F1xx_HAL_Driver\\Src\\stm32f1xx_ll_fsmc.c 0x00000000   Number         0  stm32f1xx_ll_fsmc.o ABSOLUTE
    ..\\FatFS\\ff14b\\source\\diskio.c       0x00000000   Number         0  diskio.o ABSOLUTE
    cdrcmple.s                               0x00000000   Number         0  cdrcmple.o ABSOLUTE
    dc.s                                     0x00000000   Number         0  dc.o ABSOLUTE
    handlers.s                               0x00000000   Number         0  handlers.o ABSOLUTE
    init.s                                   0x00000000   Number         0  init.o ABSOLUTE
    startup_stm32f103xe.s                    0x00000000   Number         0  startup_stm32f103xe.o ABSOLUTE
    RESET                                    0x08000000   Section      304  startup_stm32f103xe.o(RESET)
    .ARM.Collect$$$$00000000                 0x08000130   Section        0  entry.o(.ARM.Collect$$$$00000000)
    .ARM.Collect$$$$00000001                 0x08000130   Section        4  entry2.o(.ARM.Collect$$$$00000001)
    .ARM.Collect$$$$00000004                 0x08000134   Section        4  entry5.o(.ARM.Collect$$$$00000004)
    .ARM.Collect$$$$00000008                 0x08000138   Section        0  entry7b.o(.ARM.Collect$$$$00000008)
    .ARM.Collect$$$$0000000A                 0x08000138   Section        0  entry8b.o(.ARM.Collect$$$$0000000A)
    .ARM.Collect$$$$0000000B                 0x08000138   Section        8  entry9a.o(.ARM.Collect$$$$0000000B)
    .ARM.Collect$$$$0000000E                 0x08000140   Section        4  entry12b.o(.ARM.Collect$$$$0000000E)
    .ARM.Collect$$$$0000000F                 0x08000144   Section        0  entry10a.o(.ARM.Collect$$$$0000000F)
    .ARM.Collect$$$$00000011                 0x08000144   Section        0  entry11a.o(.ARM.Collect$$$$00000011)
    .ARM.Collect$$$$00002712                 0x08000144   Section        4  entry2.o(.ARM.Collect$$$$00002712)
    __lit__00000000                          0x08000144   Data           4  entry2.o(.ARM.Collect$$$$00002712)
    .text                                    0x08000148   Section       36  startup_stm32f103xe.o(.text)
    .text                                    0x0800016c   Section        0  llushr.o(.text)
    .text                                    0x0800018c   Section        0  memseta.o(.text)
    .text                                    0x080001b0   Section        0  uldiv.o(.text)
    .text                                    0x08000212   Section        0  llshl.o(.text)
    .text                                    0x08000230   Section       36  init.o(.text)
    i.BusFault_Handler                       0x08000254   Section        0  stm32f1xx_it.o(i.BusFault_Handler)
    i.DMA2_Channel4_5_IRQHandler             0x08000258   Section        0  stm32f1xx_it.o(i.DMA2_Channel4_5_IRQHandler)
    i.DebugMon_Handler                       0x08000264   Section        0  stm32f1xx_it.o(i.DebugMon_Handler)
    i.EXTI9_5_IRQHandler                     0x08000266   Section        0  bsp_ov7725.o(i.EXTI9_5_IRQHandler)
    i.Error_Handler                          0x0800026e   Section        0  main.o(i.Error_Handler)
    i.FSMC_NORSRAM_Extended_Timing_Init      0x08000274   Section        0  stm32f1xx_ll_fsmc.o(i.FSMC_NORSRAM_Extended_Timing_Init)
    i.FSMC_NORSRAM_Init                      0x080002b0   Section        0  stm32f1xx_ll_fsmc.o(i.FSMC_NORSRAM_Init)
    i.FSMC_NORSRAM_Timing_Init               0x08000318   Section        0  stm32f1xx_ll_fsmc.o(i.FSMC_NORSRAM_Timing_Init)
    i.HAL_DMA_Abort                          0x0800035c   Section        0  stm32f1xx_hal_dma.o(i.HAL_DMA_Abort)
    i.HAL_DMA_Abort_IT                       0x080003a4   Section        0  stm32f1xx_hal_dma.o(i.HAL_DMA_Abort_IT)
    i.HAL_DMA_IRQHandler                     0x080004d4   Section        0  stm32f1xx_hal_dma.o(i.HAL_DMA_IRQHandler)
    i.HAL_DMA_Init                           0x0800071c   Section        0  stm32f1xx_hal_dma.o(i.HAL_DMA_Init)
    i.HAL_Delay                              0x08000798   Section        0  stm32f1xx_hal.o(i.HAL_Delay)
    i.HAL_FSMC_MspInit                       0x080007bc   Section        0  fsmc.o(i.HAL_FSMC_MspInit)
    HAL_FSMC_MspInit                         0x080007bd   Thumb Code   124  fsmc.o(i.HAL_FSMC_MspInit)
    i.HAL_GPIO_EXTI_Callback                 0x08000850   Section        0  bsp_ov7725.o(i.HAL_GPIO_EXTI_Callback)
    i.HAL_GPIO_EXTI_IRQHandler               0x08000880   Section        0  stm32f1xx_hal_gpio.o(i.HAL_GPIO_EXTI_IRQHandler)
    i.HAL_GPIO_Init                          0x08000898   Section        0  stm32f1xx_hal_gpio.o(i.HAL_GPIO_Init)
    i.HAL_GPIO_WritePin                      0x08000a90   Section        0  stm32f1xx_hal_gpio.o(i.HAL_GPIO_WritePin)
    i.HAL_GetTick                            0x08000a9c   Section        0  stm32f1xx_hal.o(i.HAL_GetTick)
    i.HAL_IncTick                            0x08000aa8   Section        0  stm32f1xx_hal.o(i.HAL_IncTick)
    i.HAL_Init                               0x08000ab8   Section        0  stm32f1xx_hal.o(i.HAL_Init)
    i.HAL_InitTick                           0x08000adc   Section        0  stm32f1xx_hal.o(i.HAL_InitTick)
    i.HAL_MspInit                            0x08000b1c   Section        0  stm32f1xx_hal_msp.o(i.HAL_MspInit)
    i.HAL_NVIC_EnableIRQ                     0x08000b58   Section        0  stm32f1xx_hal_cortex.o(i.HAL_NVIC_EnableIRQ)
    i.HAL_NVIC_SetPriority                   0x08000b74   Section        0  stm32f1xx_hal_cortex.o(i.HAL_NVIC_SetPriority)
    i.HAL_NVIC_SetPriorityGrouping           0x08000bb4   Section        0  stm32f1xx_hal_cortex.o(i.HAL_NVIC_SetPriorityGrouping)
    i.HAL_RCC_ClockConfig                    0x08000bd8   Section        0  stm32f1xx_hal_rcc.o(i.HAL_RCC_ClockConfig)
    i.HAL_RCC_GetPCLK1Freq                   0x08000d04   Section        0  stm32f1xx_hal_rcc.o(i.HAL_RCC_GetPCLK1Freq)
    i.HAL_RCC_GetPCLK2Freq                   0x08000d24   Section        0  stm32f1xx_hal_rcc.o(i.HAL_RCC_GetPCLK2Freq)
    i.HAL_RCC_GetSysClockFreq                0x08000d44   Section        0  stm32f1xx_hal_rcc.o(i.HAL_RCC_GetSysClockFreq)
    i.HAL_RCC_OscConfig                      0x08000db0   Section        0  stm32f1xx_hal_rcc.o(i.HAL_RCC_OscConfig)
    i.HAL_SD_AbortCallback                   0x080010d0   Section        0  stm32f1xx_hal_sd.o(i.HAL_SD_AbortCallback)
    i.HAL_SD_ConfigWideBusOperation          0x080010d4   Section        0  stm32f1xx_hal_sd.o(i.HAL_SD_ConfigWideBusOperation)
    i.HAL_SD_ErrorCallback                   0x080011ec   Section        0  stm32f1xx_hal_sd.o(i.HAL_SD_ErrorCallback)
    i.HAL_SD_GetCardCSD                      0x080011f0   Section        0  stm32f1xx_hal_sd.o(i.HAL_SD_GetCardCSD)
    i.HAL_SD_GetCardInfo                     0x08001388   Section        0  stm32f1xx_hal_sd.o(i.HAL_SD_GetCardInfo)
    i.HAL_SD_GetCardState                    0x080013ac   Section        0  stm32f1xx_hal_sd.o(i.HAL_SD_GetCardState)
    i.HAL_SD_IRQHandler                      0x080013d8   Section        0  stm32f1xx_hal_sd.o(i.HAL_SD_IRQHandler)
    i.HAL_SD_Init                            0x080015d0   Section        0  stm32f1xx_hal_sd.o(i.HAL_SD_Init)
    i.HAL_SD_InitCard                        0x08001608   Section        0  stm32f1xx_hal_sd.o(i.HAL_SD_InitCard)
    i.HAL_SD_MspInit                         0x0800167c   Section        0  sdio.o(i.HAL_SD_MspInit)
    i.HAL_SD_RxCpltCallback                  0x08001744   Section        0  stm32f1xx_hal_sd.o(i.HAL_SD_RxCpltCallback)
    i.HAL_SD_TxCpltCallback                  0x08001746   Section        0  stm32f1xx_hal_sd.o(i.HAL_SD_TxCpltCallback)
    i.HAL_SPI_Init                           0x08001748   Section        0  stm32f1xx_hal_spi.o(i.HAL_SPI_Init)
    i.HAL_SPI_MspInit                        0x080017fa   Section        0  stm32f1xx_hal_spi.o(i.HAL_SPI_MspInit)
    i.HAL_SRAM_Init                          0x080017fc   Section        0  stm32f1xx_hal_sram.o(i.HAL_SRAM_Init)
    i.HAL_SRAM_MspInit                       0x08001860   Section        0  fsmc.o(i.HAL_SRAM_MspInit)
    i.HAL_SYSTICK_CLKSourceConfig            0x08001864   Section        0  stm32f1xx_hal_cortex.o(i.HAL_SYSTICK_CLKSourceConfig)
    i.HAL_SYSTICK_Config                     0x0800187c   Section        0  stm32f1xx_hal_cortex.o(i.HAL_SYSTICK_Config)
    i.HAL_UARTEx_RxEventCallback             0x080018a4   Section        0  stm32f1xx_hal_uart.o(i.HAL_UARTEx_RxEventCallback)
    i.HAL_UART_ErrorCallback                 0x080018a6   Section        0  stm32f1xx_hal_uart.o(i.HAL_UART_ErrorCallback)
    i.HAL_UART_GetState                      0x080018a8   Section        0  stm32f1xx_hal_uart.o(i.HAL_UART_GetState)
    i.HAL_UART_IRQHandler                    0x080018b4   Section        0  stm32f1xx_hal_uart.o(i.HAL_UART_IRQHandler)
    i.HAL_UART_Init                          0x08001ac0   Section        0  stm32f1xx_hal_uart.o(i.HAL_UART_Init)
    i.HAL_UART_MspInit                       0x08001b24   Section        0  usart.o(i.HAL_UART_MspInit)
    i.HAL_UART_Receive_IT                    0x08001b94   Section        0  stm32f1xx_hal_uart.o(i.HAL_UART_Receive_IT)
    i.HAL_UART_RxCpltCallback                0x08001bc0   Section        0  bsp_usart.o(i.HAL_UART_RxCpltCallback)
    i.HAL_UART_TxCpltCallback                0x08001c18   Section        0  stm32f1xx_hal_uart.o(i.HAL_UART_TxCpltCallback)
    i.HardFault_Handler                      0x08001c1a   Section        0  stm32f1xx_it.o(i.HardFault_Handler)
    i.MX_DMA_Init                            0x08001c1c   Section        0  dma.o(i.MX_DMA_Init)
    i.MX_FSMC_Init                           0x08001c48   Section        0  fsmc.o(i.MX_FSMC_Init)
    i.MX_GPIO_Init                           0x08001d2c   Section        0  gpio.o(i.MX_GPIO_Init)
    i.MX_SDIO_SD_Init                        0x08001d98   Section        0  sdio.o(i.MX_SDIO_SD_Init)
    i.MX_USART1_UART_Init                    0x08001e10   Section        0  usart.o(i.MX_USART1_UART_Init)
    i.MemManage_Handler                      0x08001e48   Section        0  stm32f1xx_it.o(i.MemManage_Handler)
    i.NMI_Handler                            0x08001e4a   Section        0  stm32f1xx_it.o(i.NMI_Handler)
    i.PendSV_Handler                         0x08001e4c   Section        0  stm32f1xx_it.o(i.PendSV_Handler)
    i.SDIO_ConfigData                        0x08001e4e   Section        0  stm32f1xx_ll_sdmmc.o(i.SDIO_ConfigData)
    i.SDIO_GetPowerState                     0x08001e72   Section        0  stm32f1xx_ll_sdmmc.o(i.SDIO_GetPowerState)
    i.SDIO_GetResponse                       0x08001e7a   Section        0  stm32f1xx_ll_sdmmc.o(i.SDIO_GetResponse)
    i.SDIO_IRQHandler                        0x08001e80   Section        0  stm32f1xx_it.o(i.SDIO_IRQHandler)
    i.SDIO_Init                              0x08001e8c   Section        0  stm32f1xx_ll_sdmmc.o(i.SDIO_Init)
    i.SDIO_PowerState_ON                     0x08001eb0   Section        0  stm32f1xx_ll_sdmmc.o(i.SDIO_PowerState_ON)
    i.SDIO_ReadFIFO                          0x08001ec0   Section        0  stm32f1xx_ll_sdmmc.o(i.SDIO_ReadFIFO)
    i.SDIO_SendCommand                       0x08001ec6   Section        0  stm32f1xx_ll_sdmmc.o(i.SDIO_SendCommand)
    i.SDIO_WriteFIFO                         0x08001ee6   Section        0  stm32f1xx_ll_sdmmc.o(i.SDIO_WriteFIFO)
    i.SDMMC_CmdAppCommand                    0x08001ef0   Section        0  stm32f1xx_ll_sdmmc.o(i.SDMMC_CmdAppCommand)
    i.SDMMC_CmdAppOperCommand                0x08001f24   Section        0  stm32f1xx_ll_sdmmc.o(i.SDMMC_CmdAppOperCommand)
    i.SDMMC_CmdBlockLength                   0x08001f58   Section        0  stm32f1xx_ll_sdmmc.o(i.SDMMC_CmdBlockLength)
    i.SDMMC_CmdBusWidth                      0x08001f8a   Section        0  stm32f1xx_ll_sdmmc.o(i.SDMMC_CmdBusWidth)
    i.SDMMC_CmdGoIdleState                   0x08001fbc   Section        0  stm32f1xx_ll_sdmmc.o(i.SDMMC_CmdGoIdleState)
    i.SDMMC_CmdOperCond                      0x0800200c   Section        0  stm32f1xx_ll_sdmmc.o(i.SDMMC_CmdOperCond)
    i.SDMMC_CmdSelDesel                      0x08002080   Section        0  stm32f1xx_ll_sdmmc.o(i.SDMMC_CmdSelDesel)
    i.SDMMC_CmdSendCID                       0x080020b2   Section        0  stm32f1xx_ll_sdmmc.o(i.SDMMC_CmdSendCID)
    i.SDMMC_CmdSendCSD                       0x080020de   Section        0  stm32f1xx_ll_sdmmc.o(i.SDMMC_CmdSendCSD)
    i.SDMMC_CmdSendSCR                       0x0800210a   Section        0  stm32f1xx_ll_sdmmc.o(i.SDMMC_CmdSendSCR)
    i.SDMMC_CmdSendStatus                    0x0800213a   Section        0  stm32f1xx_ll_sdmmc.o(i.SDMMC_CmdSendStatus)
    i.SDMMC_CmdSetRelAdd                     0x0800216c   Section        0  stm32f1xx_ll_sdmmc.o(i.SDMMC_CmdSetRelAdd)
    i.SDMMC_CmdStopTransfer                  0x0800219c   Section        0  stm32f1xx_ll_sdmmc.o(i.SDMMC_CmdStopTransfer)
    i.SDMMC_GetCmdResp1                      0x080021d0   Section        0  stm32f1xx_ll_sdmmc.o(i.SDMMC_GetCmdResp1)
    SDMMC_GetCmdResp1                        0x080021d1   Thumb Code   278  stm32f1xx_ll_sdmmc.o(i.SDMMC_GetCmdResp1)
    i.SDMMC_GetCmdResp2                      0x080022f0   Section        0  stm32f1xx_ll_sdmmc.o(i.SDMMC_GetCmdResp2)
    SDMMC_GetCmdResp2                        0x080022f1   Thumb Code    76  stm32f1xx_ll_sdmmc.o(i.SDMMC_GetCmdResp2)
    i.SDMMC_GetCmdResp3                      0x08002340   Section        0  stm32f1xx_ll_sdmmc.o(i.SDMMC_GetCmdResp3)
    SDMMC_GetCmdResp3                        0x08002341   Thumb Code    62  stm32f1xx_ll_sdmmc.o(i.SDMMC_GetCmdResp3)
    i.SDMMC_GetCmdResp6                      0x08002384   Section        0  stm32f1xx_ll_sdmmc.o(i.SDMMC_GetCmdResp6)
    SDMMC_GetCmdResp6                        0x08002385   Thumb Code   130  stm32f1xx_ll_sdmmc.o(i.SDMMC_GetCmdResp6)
    i.SD_DMARxAbort                          0x0800240c   Section        0  stm32f1xx_hal_sd.o(i.SD_DMARxAbort)
    SD_DMARxAbort                            0x0800240d   Thumb Code    68  stm32f1xx_hal_sd.o(i.SD_DMARxAbort)
    i.SD_DMATxAbort                          0x08002450   Section        0  stm32f1xx_hal_sd.o(i.SD_DMATxAbort)
    SD_DMATxAbort                            0x08002451   Thumb Code    68  stm32f1xx_hal_sd.o(i.SD_DMATxAbort)
    i.SD_FindSCR                             0x08002494   Section        0  stm32f1xx_hal_sd.o(i.SD_FindSCR)
    SD_FindSCR                               0x08002495   Thumb Code   218  stm32f1xx_hal_sd.o(i.SD_FindSCR)
    i.SD_InitCard                            0x0800256e   Section        0  stm32f1xx_hal_sd.o(i.SD_InitCard)
    SD_InitCard                              0x0800256f   Thumb Code   238  stm32f1xx_hal_sd.o(i.SD_InitCard)
    i.SD_PowerON                             0x0800265c   Section        0  stm32f1xx_hal_sd.o(i.SD_PowerON)
    SD_PowerON                               0x0800265d   Thumb Code   174  stm32f1xx_hal_sd.o(i.SD_PowerON)
    i.SVC_Handler                            0x08002710   Section        0  stm32f1xx_it.o(i.SVC_Handler)
    i.SysTick_Handler                        0x08002712   Section        0  stm32f1xx_it.o(i.SysTick_Handler)
    i.SystemClock_Config                     0x08002716   Section        0  main.o(i.SystemClock_Config)
    i.SystemInit                             0x08002774   Section        0  system_stm32f1xx.o(i.SystemInit)
    i.UART_DMAAbortOnError                   0x08002776   Section        0  stm32f1xx_hal_uart.o(i.UART_DMAAbortOnError)
    UART_DMAAbortOnError                     0x08002777   Thumb Code    16  stm32f1xx_hal_uart.o(i.UART_DMAAbortOnError)
    i.UART_EndRxTransfer                     0x08002786   Section        0  stm32f1xx_hal_uart.o(i.UART_EndRxTransfer)
    UART_EndRxTransfer                       0x08002787   Thumb Code    48  stm32f1xx_hal_uart.o(i.UART_EndRxTransfer)
    i.UART_Receive_IT                        0x080027b6   Section        0  stm32f1xx_hal_uart.o(i.UART_Receive_IT)
    UART_Receive_IT                          0x080027b7   Thumb Code   182  stm32f1xx_hal_uart.o(i.UART_Receive_IT)
    i.UART_SetConfig                         0x0800286c   Section        0  stm32f1xx_hal_uart.o(i.UART_SetConfig)
    UART_SetConfig                           0x0800286d   Thumb Code   178  stm32f1xx_hal_uart.o(i.UART_SetConfig)
    i.UART_Start_Receive_IT                  0x08002924   Section        0  stm32f1xx_hal_uart.o(i.UART_Start_Receive_IT)
    i.USART1_IRQHandler                      0x0800295c   Section        0  bsp_usart.o(i.USART1_IRQHandler)
    i.UsageFault_Handler                     0x08002988   Section        0  stm32f1xx_it.o(i.UsageFault_Handler)
    i.__0printf$5                            0x0800298c   Section        0  printf5.o(i.__0printf$5)
    i.__NVIC_SetPriority                     0x080029ac   Section        0  stm32f1xx_hal_cortex.o(i.__NVIC_SetPriority)
    __NVIC_SetPriority                       0x080029ad   Thumb Code    32  stm32f1xx_hal_cortex.o(i.__NVIC_SetPriority)
    i.__scatterload_copy                     0x080029cc   Section       14  handlers.o(i.__scatterload_copy)
    i.__scatterload_null                     0x080029da   Section        2  handlers.o(i.__scatterload_null)
    i.__scatterload_zeroinit                 0x080029dc   Section       14  handlers.o(i.__scatterload_zeroinit)
    i._printf_core                           0x080029ec   Section        0  printf5.o(i._printf_core)
    _printf_core                             0x080029ed   Thumb Code   660  printf5.o(i._printf_core)
    i.bsp_FIFO_Init                          0x08002cac   Section        0  bsp_ov7725.o(i.bsp_FIFO_Init)
    bsp_FIFO_Init                            0x08002cad   Thumb Code   178  bsp_ov7725.o(i.bsp_FIFO_Init)
    i.bsp_SD_Init                            0x08002d80   Section        0  bsp_sdio_sd.o(i.bsp_SD_Init)
    i.bsp_ov7725_Init                        0x08002e74   Section        0  bsp_ov7725.o(i.bsp_ov7725_Init)
    i.bsp_sccb_Init                          0x08002f44   Section        0  bsp_sccb.o(i.bsp_sccb_Init)
    i.bsp_sccb_No_Ack                        0x08002fb8   Section        0  bsp_sccb.o(i.bsp_sccb_No_Ack)
    i.bsp_sccb_RD_Byte                       0x08002ffc   Section        0  bsp_sccb.o(i.bsp_sccb_RD_Byte)
    i.bsp_sccb_RD_Reg                        0x08003078   Section        0  bsp_sccb.o(i.bsp_sccb_RD_Reg)
    i.bsp_sccb_Start                         0x080030cc   Section        0  bsp_sccb.o(i.bsp_sccb_Start)
    i.bsp_sccb_Stop                          0x08003108   Section        0  bsp_sccb.o(i.bsp_sccb_Stop)
    i.bsp_sccb_WR_Byte                       0x08003144   Section        0  bsp_sccb.o(i.bsp_sccb_WR_Byte)
    i.bsp_sccb_WR_Reg                        0x08003210   Section        0  bsp_sccb.o(i.bsp_sccb_WR_Reg)
    i.delay_init                             0x0800325c   Section        0  delay.o(i.delay_init)
    i.delay_ms                               0x08003290   Section        0  delay.o(i.delay_ms)
    i.delay_us                               0x080032ac   Section        0  delay.o(i.delay_us)
    i.flash_w25qxx_Init                      0x080032e0   Section        0  bsp_flash_w25q.o(i.flash_w25qxx_Init)
    i.fputc                                  0x080033b8   Section        0  bsp_usart.o(i.fputc)
    i.main                                   0x080033d0   Section        0  main.o(i.main)
    .constdata                               0x08003406   Section       16  system_stm32f1xx.o(.constdata)
    .constdata                               0x08003416   Section        8  system_stm32f1xx.o(.constdata)
    .constdata                               0x0800341e   Section      130  bsp_ov7725.o(.constdata)
    .data                                    0x20000000   Section        8  fsmc.o(.data)
    FSMC_Initialized                         0x20000000   Data           4  fsmc.o(.data)
    FSMC_DeInitialized                       0x20000004   Data           4  fsmc.o(.data)
    .data                                    0x20000008   Section       12  stm32f1xx_hal.o(.data)
    .data                                    0x20000014   Section        4  system_stm32f1xx.o(.data)
    .data                                    0x20000018   Section        4  delay.o(.data)
    fac_us                                   0x20000018   Data           4  delay.o(.data)
    .data                                    0x2000001c   Section        4  bsp_usart.o(.data)
    .data                                    0x20000020   Section        4  bsp_usart.o(.data)
    .data                                    0x20000024   Section        1  bsp_ov7725.o(.data)
    .bss                                     0x20000028   Section      144  fsmc.o(.bss)
    .bss                                     0x200000b8   Section      200  sdio.o(.bss)
    .bss                                     0x20000180   Section       68  usart.o(.bss)
    .bss                                     0x200001c4   Section      268  bsp_usart.o(.bss)
    .bss                                     0x200002d0   Section      232  bsp_sdio_sd.o(.bss)
    .bss                                     0x200003b8   Section     4184  bsp_flash_w25q.o(.bss)
    STACK                                    0x20001410   Section     1024  startup_stm32f103xe.o(STACK)
    .ARM.__AT_0x68000000                     0x68000000   Section    983040  bsp_malloc.o(.ARM.__AT_0x68000000)
    .ARM.__AT_0x680F0000                     0x680f0000   Section    61440  bsp_malloc.o(.ARM.__AT_0x680F0000)

    Global Symbols

    Symbol Name                              Value     Ov Type        Size  Object(Section)

    BuildAttributes$$THM_ISAv4$P$D$K$B$S$PE$A:L22UL41UL21$X:L11$S22US41US21$IEEE1$IW$USESV6$~STKCKD$USESV7$~SHL$OSPACE$ROPI$EBA8$MICROLIB$REQ8$PRES8$EABIv2 0x00000000   Number         0  anon$$obj.o ABSOLUTE
    __ARM_use_no_argv                        0x00000000   Number         0  main.o ABSOLUTE
    __use_no_errno                           0x00000000   Number         0  useno.o ABSOLUTE
    __use_no_exception_handling              0x00000000   Number         0  useno.o ABSOLUTE
    __use_no_fp                              0x00000000   Number         0  useno.o ABSOLUTE
    __use_no_heap                            0x00000000   Number         0  useno.o ABSOLUTE
    __use_no_heap_region                     0x00000000   Number         0  useno.o ABSOLUTE
    __use_no_semihosting                     0x00000000   Number         0  useno.o ABSOLUTE
    __use_no_semihosting_swi                 0x00000000   Number         0  useno.o ABSOLUTE
    __use_no_signal_handling                 0x00000000   Number         0  useno.o ABSOLUTE
    _printf_a                                0x00000000   Number         0  stubs.o ABSOLUTE
    _printf_c                                0x00000000   Number         0  stubs.o ABSOLUTE
    _printf_charcount                        0x00000000   Number         0  stubs.o ABSOLUTE
    _printf_d                                0x00000000   Number         0  stubs.o ABSOLUTE
    _printf_e                                0x00000000   Number         0  stubs.o ABSOLUTE
    _printf_f                                0x00000000   Number         0  stubs.o ABSOLUTE
    _printf_flags                            0x00000000   Number         0  stubs.o ABSOLUTE
    _printf_fp_dec                           0x00000000   Number         0  stubs.o ABSOLUTE
    _printf_fp_hex                           0x00000000   Number         0  stubs.o ABSOLUTE
    _printf_g                                0x00000000   Number         0  stubs.o ABSOLUTE
    _printf_i                                0x00000000   Number         0  stubs.o ABSOLUTE
    _printf_int_dec                          0x00000000   Number         0  stubs.o ABSOLUTE
    _printf_l                                0x00000000   Number         0  stubs.o ABSOLUTE
    _printf_lc                               0x00000000   Number         0  stubs.o ABSOLUTE
    _printf_ll                               0x00000000   Number         0  stubs.o ABSOLUTE
    _printf_lld                              0x00000000   Number         0  stubs.o ABSOLUTE
    _printf_lli                              0x00000000   Number         0  stubs.o ABSOLUTE
    _printf_llo                              0x00000000   Number         0  stubs.o ABSOLUTE
    _printf_llu                              0x00000000   Number         0  stubs.o ABSOLUTE
    _printf_llx                              0x00000000   Number         0  stubs.o ABSOLUTE
    _printf_longlong_dec                     0x00000000   Number         0  stubs.o ABSOLUTE
    _printf_longlong_hex                     0x00000000   Number         0  stubs.o ABSOLUTE
    _printf_longlong_oct                     0x00000000   Number         0  stubs.o ABSOLUTE
    _printf_ls                               0x00000000   Number         0  stubs.o ABSOLUTE
    _printf_mbtowc                           0x00000000   Number         0  stubs.o ABSOLUTE
    _printf_n                                0x00000000   Number         0  stubs.o ABSOLUTE
    _printf_o                                0x00000000   Number         0  stubs.o ABSOLUTE
    _printf_p                                0x00000000   Number         0  stubs.o ABSOLUTE
    _printf_percent                          0x00000000   Number         0  stubs.o ABSOLUTE
    _printf_pre_padding                      0x00000000   Number         0  stubs.o ABSOLUTE
    _printf_return_value                     0x00000000   Number         0  stubs.o ABSOLUTE
    _printf_s                                0x00000000   Number         0  stubs.o ABSOLUTE
    _printf_sizespec                         0x00000000   Number         0  stubs.o ABSOLUTE
    _printf_str                              0x00000000   Number         0  stubs.o ABSOLUTE
    _printf_truncate_signed                  0x00000000   Number         0  stubs.o ABSOLUTE
    _printf_truncate_unsigned                0x00000000   Number         0  stubs.o ABSOLUTE
    _printf_u                                0x00000000   Number         0  stubs.o ABSOLUTE
    _printf_wc                               0x00000000   Number         0  stubs.o ABSOLUTE
    _printf_wctomb                           0x00000000   Number         0  stubs.o ABSOLUTE
    _printf_widthprec                        0x00000000   Number         0  stubs.o ABSOLUTE
    _printf_x                                0x00000000   Number         0  stubs.o ABSOLUTE
    __arm_fini_                               - Undefined Weak Reference
    __cpp_initialize__aeabi_                  - Undefined Weak Reference
    __cxa_finalize                            - Undefined Weak Reference
    __decompress                              - Undefined Weak Reference
    _clock_init                               - Undefined Weak Reference
    _microlib_exit                            - Undefined Weak Reference
    __Vectors_Size                           0x00000130   Number         0  startup_stm32f103xe.o ABSOLUTE
    __Vectors                                0x08000000   Data           4  startup_stm32f103xe.o(RESET)
    __Vectors_End                            0x08000130   Data           0  startup_stm32f103xe.o(RESET)
    __main                                   0x08000131   Thumb Code     0  entry.o(.ARM.Collect$$$$00000000)
    _main_stk                                0x08000131   Thumb Code     0  entry2.o(.ARM.Collect$$$$00000001)
    _main_scatterload                        0x08000135   Thumb Code     0  entry5.o(.ARM.Collect$$$$00000004)
    __main_after_scatterload                 0x08000139   Thumb Code     0  entry5.o(.ARM.Collect$$$$00000004)
    _main_clock                              0x08000139   Thumb Code     0  entry7b.o(.ARM.Collect$$$$00000008)
    _main_cpp_init                           0x08000139   Thumb Code     0  entry8b.o(.ARM.Collect$$$$0000000A)
    _main_init                               0x08000139   Thumb Code     0  entry9a.o(.ARM.Collect$$$$0000000B)
    __rt_lib_shutdown_fini                   0x08000141   Thumb Code     0  entry12b.o(.ARM.Collect$$$$0000000E)
    __rt_final_cpp                           0x08000145   Thumb Code     0  entry10a.o(.ARM.Collect$$$$0000000F)
    __rt_final_exit                          0x08000145   Thumb Code     0  entry11a.o(.ARM.Collect$$$$00000011)
    Reset_Handler                            0x08000149   Thumb Code     8  startup_stm32f103xe.o(.text)
    ADC1_2_IRQHandler                        0x08000163   Thumb Code     0  startup_stm32f103xe.o(.text)
    ADC3_IRQHandler                          0x08000163   Thumb Code     0  startup_stm32f103xe.o(.text)
    CAN1_RX1_IRQHandler                      0x08000163   Thumb Code     0  startup_stm32f103xe.o(.text)
    CAN1_SCE_IRQHandler                      0x08000163   Thumb Code     0  startup_stm32f103xe.o(.text)
    DMA1_Channel1_IRQHandler                 0x08000163   Thumb Code     0  startup_stm32f103xe.o(.text)
    DMA1_Channel2_IRQHandler                 0x08000163   Thumb Code     0  startup_stm32f103xe.o(.text)
    DMA1_Channel3_IRQHandler                 0x08000163   Thumb Code     0  startup_stm32f103xe.o(.text)
    DMA1_Channel4_IRQHandler                 0x08000163   Thumb Code     0  startup_stm32f103xe.o(.text)
    DMA1_Channel5_IRQHandler                 0x08000163   Thumb Code     0  startup_stm32f103xe.o(.text)
    DMA1_Channel6_IRQHandler                 0x08000163   Thumb Code     0  startup_stm32f103xe.o(.text)
    DMA1_Channel7_IRQHandler                 0x08000163   Thumb Code     0  startup_stm32f103xe.o(.text)
    DMA2_Channel1_IRQHandler                 0x08000163   Thumb Code     0  startup_stm32f103xe.o(.text)
    DMA2_Channel2_IRQHandler                 0x08000163   Thumb Code     0  startup_stm32f103xe.o(.text)
    DMA2_Channel3_IRQHandler                 0x08000163   Thumb Code     0  startup_stm32f103xe.o(.text)
    EXTI0_IRQHandler                         0x08000163   Thumb Code     0  startup_stm32f103xe.o(.text)
    EXTI15_10_IRQHandler                     0x08000163   Thumb Code     0  startup_stm32f103xe.o(.text)
    EXTI1_IRQHandler                         0x08000163   Thumb Code     0  startup_stm32f103xe.o(.text)
    EXTI2_IRQHandler                         0x08000163   Thumb Code     0  startup_stm32f103xe.o(.text)
    EXTI3_IRQHandler                         0x08000163   Thumb Code     0  startup_stm32f103xe.o(.text)
    EXTI4_IRQHandler                         0x08000163   Thumb Code     0  startup_stm32f103xe.o(.text)
    FLASH_IRQHandler                         0x08000163   Thumb Code     0  startup_stm32f103xe.o(.text)
    FSMC_IRQHandler                          0x08000163   Thumb Code     0  startup_stm32f103xe.o(.text)
    I2C1_ER_IRQHandler                       0x08000163   Thumb Code     0  startup_stm32f103xe.o(.text)
    I2C1_EV_IRQHandler                       0x08000163   Thumb Code     0  startup_stm32f103xe.o(.text)
    I2C2_ER_IRQHandler                       0x08000163   Thumb Code     0  startup_stm32f103xe.o(.text)
    I2C2_EV_IRQHandler                       0x08000163   Thumb Code     0  startup_stm32f103xe.o(.text)
    PVD_IRQHandler                           0x08000163   Thumb Code     0  startup_stm32f103xe.o(.text)
    RCC_IRQHandler                           0x08000163   Thumb Code     0  startup_stm32f103xe.o(.text)
    RTC_Alarm_IRQHandler                     0x08000163   Thumb Code     0  startup_stm32f103xe.o(.text)
    RTC_IRQHandler                           0x08000163   Thumb Code     0  startup_stm32f103xe.o(.text)
    SPI1_IRQHandler                          0x08000163   Thumb Code     0  startup_stm32f103xe.o(.text)
    SPI2_IRQHandler                          0x08000163   Thumb Code     0  startup_stm32f103xe.o(.text)
    SPI3_IRQHandler                          0x08000163   Thumb Code     0  startup_stm32f103xe.o(.text)
    TAMPER_IRQHandler                        0x08000163   Thumb Code     0  startup_stm32f103xe.o(.text)
    TIM1_BRK_IRQHandler                      0x08000163   Thumb Code     0  startup_stm32f103xe.o(.text)
    TIM1_CC_IRQHandler                       0x08000163   Thumb Code     0  startup_stm32f103xe.o(.text)
    TIM1_TRG_COM_IRQHandler                  0x08000163   Thumb Code     0  startup_stm32f103xe.o(.text)
    TIM1_UP_IRQHandler                       0x08000163   Thumb Code     0  startup_stm32f103xe.o(.text)
    TIM2_IRQHandler                          0x08000163   Thumb Code     0  startup_stm32f103xe.o(.text)
    TIM3_IRQHandler                          0x08000163   Thumb Code     0  startup_stm32f103xe.o(.text)
    TIM4_IRQHandler                          0x08000163   Thumb Code     0  startup_stm32f103xe.o(.text)
    TIM5_IRQHandler                          0x08000163   Thumb Code     0  startup_stm32f103xe.o(.text)
    TIM6_IRQHandler                          0x08000163   Thumb Code     0  startup_stm32f103xe.o(.text)
    TIM7_IRQHandler                          0x08000163   Thumb Code     0  startup_stm32f103xe.o(.text)
    TIM8_BRK_IRQHandler                      0x08000163   Thumb Code     0  startup_stm32f103xe.o(.text)
    TIM8_CC_IRQHandler                       0x08000163   Thumb Code     0  startup_stm32f103xe.o(.text)
    TIM8_TRG_COM_IRQHandler                  0x08000163   Thumb Code     0  startup_stm32f103xe.o(.text)
    TIM8_UP_IRQHandler                       0x08000163   Thumb Code     0  startup_stm32f103xe.o(.text)
    UART4_IRQHandler                         0x08000163   Thumb Code     0  startup_stm32f103xe.o(.text)
    UART5_IRQHandler                         0x08000163   Thumb Code     0  startup_stm32f103xe.o(.text)
    USART2_IRQHandler                        0x08000163   Thumb Code     0  startup_stm32f103xe.o(.text)
    USART3_IRQHandler                        0x08000163   Thumb Code     0  startup_stm32f103xe.o(.text)
    USBWakeUp_IRQHandler                     0x08000163   Thumb Code     0  startup_stm32f103xe.o(.text)
    USB_HP_CAN1_TX_IRQHandler                0x08000163   Thumb Code     0  startup_stm32f103xe.o(.text)
    USB_LP_CAN1_RX0_IRQHandler               0x08000163   Thumb Code     0  startup_stm32f103xe.o(.text)
    WWDG_IRQHandler                          0x08000163   Thumb Code     0  startup_stm32f103xe.o(.text)
    __aeabi_llsr                             0x0800016d   Thumb Code    32  llushr.o(.text)
    _ll_ushift_r                             0x0800016d   Thumb Code     0  llushr.o(.text)
    __aeabi_memset                           0x0800018d   Thumb Code    14  memseta.o(.text)
    __aeabi_memset4                          0x0800018d   Thumb Code     0  memseta.o(.text)
    __aeabi_memset8                          0x0800018d   Thumb Code     0  memseta.o(.text)
    __aeabi_memclr                           0x0800019b   Thumb Code     4  memseta.o(.text)
    __aeabi_memclr4                          0x0800019b   Thumb Code     0  memseta.o(.text)
    __aeabi_memclr8                          0x0800019b   Thumb Code     0  memseta.o(.text)
    _memset$wrapper                          0x0800019f   Thumb Code    18  memseta.o(.text)
    __aeabi_uldivmod                         0x080001b1   Thumb Code    98  uldiv.o(.text)
    __aeabi_llsl                             0x08000213   Thumb Code    30  llshl.o(.text)
    _ll_shift_l                              0x08000213   Thumb Code     0  llshl.o(.text)
    __scatterload                            0x08000231   Thumb Code    28  init.o(.text)
    __scatterload_rt2                        0x08000231   Thumb Code     0  init.o(.text)
    BusFault_Handler                         0x08000255   Thumb Code     2  stm32f1xx_it.o(i.BusFault_Handler)
    DMA2_Channel4_5_IRQHandler               0x08000259   Thumb Code     6  stm32f1xx_it.o(i.DMA2_Channel4_5_IRQHandler)
    DebugMon_Handler                         0x08000265   Thumb Code     2  stm32f1xx_it.o(i.DebugMon_Handler)
    EXTI9_5_IRQHandler                       0x08000267   Thumb Code     8  bsp_ov7725.o(i.EXTI9_5_IRQHandler)
    Error_Handler                            0x0800026f   Thumb Code     4  main.o(i.Error_Handler)
    FSMC_NORSRAM_Extended_Timing_Init        0x08000275   Thumb Code    56  stm32f1xx_ll_fsmc.o(i.FSMC_NORSRAM_Extended_Timing_Init)
    FSMC_NORSRAM_Init                        0x080002b1   Thumb Code    98  stm32f1xx_ll_fsmc.o(i.FSMC_NORSRAM_Init)
    FSMC_NORSRAM_Timing_Init                 0x08000319   Thumb Code    64  stm32f1xx_ll_fsmc.o(i.FSMC_NORSRAM_Timing_Init)
    HAL_DMA_Abort                            0x0800035d   Thumb Code    70  stm32f1xx_hal_dma.o(i.HAL_DMA_Abort)
    HAL_DMA_Abort_IT                         0x080003a5   Thumb Code   296  stm32f1xx_hal_dma.o(i.HAL_DMA_Abort_IT)
    HAL_DMA_IRQHandler                       0x080004d5   Thumb Code   552  stm32f1xx_hal_dma.o(i.HAL_DMA_IRQHandler)
    HAL_DMA_Init                             0x0800071d   Thumb Code   112  stm32f1xx_hal_dma.o(i.HAL_DMA_Init)
    HAL_Delay                                0x08000799   Thumb Code    32  stm32f1xx_hal.o(i.HAL_Delay)
    HAL_GPIO_EXTI_Callback                   0x08000851   Thumb Code    36  bsp_ov7725.o(i.HAL_GPIO_EXTI_Callback)
    HAL_GPIO_EXTI_IRQHandler                 0x08000881   Thumb Code    18  stm32f1xx_hal_gpio.o(i.HAL_GPIO_EXTI_IRQHandler)
    HAL_GPIO_Init                            0x08000899   Thumb Code   462  stm32f1xx_hal_gpio.o(i.HAL_GPIO_Init)
    HAL_GPIO_WritePin                        0x08000a91   Thumb Code    10  stm32f1xx_hal_gpio.o(i.HAL_GPIO_WritePin)
    HAL_GetTick                              0x08000a9d   Thumb Code     6  stm32f1xx_hal.o(i.HAL_GetTick)
    HAL_IncTick                              0x08000aa9   Thumb Code    12  stm32f1xx_hal.o(i.HAL_IncTick)
    HAL_Init                                 0x08000ab9   Thumb Code    32  stm32f1xx_hal.o(i.HAL_Init)
    HAL_InitTick                             0x08000add   Thumb Code    54  stm32f1xx_hal.o(i.HAL_InitTick)
    HAL_MspInit                              0x08000b1d   Thumb Code    52  stm32f1xx_hal_msp.o(i.HAL_MspInit)
    HAL_NVIC_EnableIRQ                       0x08000b59   Thumb Code    26  stm32f1xx_hal_cortex.o(i.HAL_NVIC_EnableIRQ)
    HAL_NVIC_SetPriority                     0x08000b75   Thumb Code    60  stm32f1xx_hal_cortex.o(i.HAL_NVIC_SetPriority)
    HAL_NVIC_SetPriorityGrouping             0x08000bb5   Thumb Code    26  stm32f1xx_hal_cortex.o(i.HAL_NVIC_SetPriorityGrouping)
    HAL_RCC_ClockConfig                      0x08000bd9   Thumb Code   280  stm32f1xx_hal_rcc.o(i.HAL_RCC_ClockConfig)
    HAL_RCC_GetPCLK1Freq                     0x08000d05   Thumb Code    20  stm32f1xx_hal_rcc.o(i.HAL_RCC_GetPCLK1Freq)
    HAL_RCC_GetPCLK2Freq                     0x08000d25   Thumb Code    20  stm32f1xx_hal_rcc.o(i.HAL_RCC_GetPCLK2Freq)
    HAL_RCC_GetSysClockFreq                  0x08000d45   Thumb Code    74  stm32f1xx_hal_rcc.o(i.HAL_RCC_GetSysClockFreq)
    HAL_RCC_OscConfig                        0x08000db1   Thumb Code   778  stm32f1xx_hal_rcc.o(i.HAL_RCC_OscConfig)
    HAL_SD_AbortCallback                     0x080010d1   Thumb Code     2  stm32f1xx_hal_sd.o(i.HAL_SD_AbortCallback)
    HAL_SD_ConfigWideBusOperation            0x080010d5   Thumb Code   276  stm32f1xx_hal_sd.o(i.HAL_SD_ConfigWideBusOperation)
    HAL_SD_ErrorCallback                     0x080011ed   Thumb Code     2  stm32f1xx_hal_sd.o(i.HAL_SD_ErrorCallback)
    HAL_SD_GetCardCSD                        0x080011f1   Thumb Code   402  stm32f1xx_hal_sd.o(i.HAL_SD_GetCardCSD)
    HAL_SD_GetCardInfo                       0x08001389   Thumb Code    36  stm32f1xx_hal_sd.o(i.HAL_SD_GetCardInfo)
    HAL_SD_GetCardState                      0x080013ad   Thumb Code    44  stm32f1xx_hal_sd.o(i.HAL_SD_GetCardState)
    HAL_SD_IRQHandler                        0x080013d9   Thumb Code   496  stm32f1xx_hal_sd.o(i.HAL_SD_IRQHandler)
    HAL_SD_Init                              0x080015d1   Thumb Code    54  stm32f1xx_hal_sd.o(i.HAL_SD_Init)
    HAL_SD_InitCard                          0x08001609   Thumb Code   108  stm32f1xx_hal_sd.o(i.HAL_SD_InitCard)
    HAL_SD_MspInit                           0x0800167d   Thumb Code   176  sdio.o(i.HAL_SD_MspInit)
    HAL_SD_RxCpltCallback                    0x08001745   Thumb Code     2  stm32f1xx_hal_sd.o(i.HAL_SD_RxCpltCallback)
    HAL_SD_TxCpltCallback                    0x08001747   Thumb Code     2  stm32f1xx_hal_sd.o(i.HAL_SD_TxCpltCallback)
    HAL_SPI_Init                             0x08001749   Thumb Code   178  stm32f1xx_hal_spi.o(i.HAL_SPI_Init)
    HAL_SPI_MspInit                          0x080017fb   Thumb Code     2  stm32f1xx_hal_spi.o(i.HAL_SPI_MspInit)
    HAL_SRAM_Init                            0x080017fd   Thumb Code   100  stm32f1xx_hal_sram.o(i.HAL_SRAM_Init)
    HAL_SRAM_MspInit                         0x08001861   Thumb Code     4  fsmc.o(i.HAL_SRAM_MspInit)
    HAL_SYSTICK_CLKSourceConfig              0x08001865   Thumb Code    24  stm32f1xx_hal_cortex.o(i.HAL_SYSTICK_CLKSourceConfig)
    HAL_SYSTICK_Config                       0x0800187d   Thumb Code    40  stm32f1xx_hal_cortex.o(i.HAL_SYSTICK_Config)
    HAL_UARTEx_RxEventCallback               0x080018a5   Thumb Code     2  stm32f1xx_hal_uart.o(i.HAL_UARTEx_RxEventCallback)
    HAL_UART_ErrorCallback                   0x080018a7   Thumb Code     2  stm32f1xx_hal_uart.o(i.HAL_UART_ErrorCallback)
    HAL_UART_GetState                        0x080018a9   Thumb Code    10  stm32f1xx_hal_uart.o(i.HAL_UART_GetState)
    HAL_UART_IRQHandler                      0x080018b5   Thumb Code   520  stm32f1xx_hal_uart.o(i.HAL_UART_IRQHandler)
    HAL_UART_Init                            0x08001ac1   Thumb Code    98  stm32f1xx_hal_uart.o(i.HAL_UART_Init)
    HAL_UART_MspInit                         0x08001b25   Thumb Code   100  usart.o(i.HAL_UART_MspInit)
    HAL_UART_Receive_IT                      0x08001b95   Thumb Code    42  stm32f1xx_hal_uart.o(i.HAL_UART_Receive_IT)
    HAL_UART_RxCpltCallback                  0x08001bc1   Thumb Code    76  bsp_usart.o(i.HAL_UART_RxCpltCallback)
    HAL_UART_TxCpltCallback                  0x08001c19   Thumb Code     2  stm32f1xx_hal_uart.o(i.HAL_UART_TxCpltCallback)
    HardFault_Handler                        0x08001c1b   Thumb Code     2  stm32f1xx_it.o(i.HardFault_Handler)
    MX_DMA_Init                              0x08001c1d   Thumb Code    40  dma.o(i.MX_DMA_Init)
    MX_FSMC_Init                             0x08001c49   Thumb Code   214  fsmc.o(i.MX_FSMC_Init)
    MX_GPIO_Init                             0x08001d2d   Thumb Code   102  gpio.o(i.MX_GPIO_Init)
    MX_SDIO_SD_Init                          0x08001d99   Thumb Code   108  sdio.o(i.MX_SDIO_SD_Init)
    MX_USART1_UART_Init                      0x08001e11   Thumb Code    48  usart.o(i.MX_USART1_UART_Init)
    MemManage_Handler                        0x08001e49   Thumb Code     2  stm32f1xx_it.o(i.MemManage_Handler)
    NMI_Handler                              0x08001e4b   Thumb Code     2  stm32f1xx_it.o(i.NMI_Handler)
    PendSV_Handler                           0x08001e4d   Thumb Code     2  stm32f1xx_it.o(i.PendSV_Handler)
    SDIO_ConfigData                          0x08001e4f   Thumb Code    36  stm32f1xx_ll_sdmmc.o(i.SDIO_ConfigData)
    SDIO_GetPowerState                       0x08001e73   Thumb Code     8  stm32f1xx_ll_sdmmc.o(i.SDIO_GetPowerState)
    SDIO_GetResponse                         0x08001e7b   Thumb Code     6  stm32f1xx_ll_sdmmc.o(i.SDIO_GetResponse)
    SDIO_IRQHandler                          0x08001e81   Thumb Code     6  stm32f1xx_it.o(i.SDIO_IRQHandler)
    SDIO_Init                                0x08001e8d   Thumb Code    36  stm32f1xx_ll_sdmmc.o(i.SDIO_Init)
    SDIO_PowerState_ON                       0x08001eb1   Thumb Code    16  stm32f1xx_ll_sdmmc.o(i.SDIO_PowerState_ON)
    SDIO_ReadFIFO                            0x08001ec1   Thumb Code     6  stm32f1xx_ll_sdmmc.o(i.SDIO_ReadFIFO)
    SDIO_SendCommand                         0x08001ec7   Thumb Code    32  stm32f1xx_ll_sdmmc.o(i.SDIO_SendCommand)
    SDIO_WriteFIFO                           0x08001ee7   Thumb Code    10  stm32f1xx_ll_sdmmc.o(i.SDIO_WriteFIFO)
    SDMMC_CmdAppCommand                      0x08001ef1   Thumb Code    50  stm32f1xx_ll_sdmmc.o(i.SDMMC_CmdAppCommand)
    SDMMC_CmdAppOperCommand                  0x08001f25   Thumb Code    48  stm32f1xx_ll_sdmmc.o(i.SDMMC_CmdAppOperCommand)
    SDMMC_CmdBlockLength                     0x08001f59   Thumb Code    50  stm32f1xx_ll_sdmmc.o(i.SDMMC_CmdBlockLength)
    SDMMC_CmdBusWidth                        0x08001f8b   Thumb Code    50  stm32f1xx_ll_sdmmc.o(i.SDMMC_CmdBusWidth)
    SDMMC_CmdGoIdleState                     0x08001fbd   Thumb Code    74  stm32f1xx_ll_sdmmc.o(i.SDMMC_CmdGoIdleState)
    SDMMC_CmdOperCond                        0x0800200d   Thumb Code   112  stm32f1xx_ll_sdmmc.o(i.SDMMC_CmdOperCond)
    SDMMC_CmdSelDesel                        0x08002081   Thumb Code    50  stm32f1xx_ll_sdmmc.o(i.SDMMC_CmdSelDesel)
    SDMMC_CmdSendCID                         0x080020b3   Thumb Code    44  stm32f1xx_ll_sdmmc.o(i.SDMMC_CmdSendCID)
    SDMMC_CmdSendCSD                         0x080020df   Thumb Code    44  stm32f1xx_ll_sdmmc.o(i.SDMMC_CmdSendCSD)
    SDMMC_CmdSendSCR                         0x0800210b   Thumb Code    48  stm32f1xx_ll_sdmmc.o(i.SDMMC_CmdSendSCR)
    SDMMC_CmdSendStatus                      0x0800213b   Thumb Code    50  stm32f1xx_ll_sdmmc.o(i.SDMMC_CmdSendStatus)
    SDMMC_CmdSetRelAdd                       0x0800216d   Thumb Code    48  stm32f1xx_ll_sdmmc.o(i.SDMMC_CmdSetRelAdd)
    SDMMC_CmdStopTransfer                    0x0800219d   Thumb Code    46  stm32f1xx_ll_sdmmc.o(i.SDMMC_CmdStopTransfer)
    SVC_Handler                              0x08002711   Thumb Code     2  stm32f1xx_it.o(i.SVC_Handler)
    SysTick_Handler                          0x08002713   Thumb Code     4  stm32f1xx_it.o(i.SysTick_Handler)
    SystemClock_Config                       0x08002717   Thumb Code    94  main.o(i.SystemClock_Config)
    SystemInit                               0x08002775   Thumb Code     2  system_stm32f1xx.o(i.SystemInit)
    UART_Start_Receive_IT                    0x08002925   Thumb Code    54  stm32f1xx_hal_uart.o(i.UART_Start_Receive_IT)
    USART1_IRQHandler                        0x0800295d   Thumb Code    34  bsp_usart.o(i.USART1_IRQHandler)
    UsageFault_Handler                       0x08002989   Thumb Code     2  stm32f1xx_it.o(i.UsageFault_Handler)
    __0printf$5                              0x0800298d   Thumb Code    22  printf5.o(i.__0printf$5)
    __1printf$5                              0x0800298d   Thumb Code     0  printf5.o(i.__0printf$5)
    __2printf                                0x0800298d   Thumb Code     0  printf5.o(i.__0printf$5)
    __scatterload_copy                       0x080029cd   Thumb Code    14  handlers.o(i.__scatterload_copy)
    __scatterload_null                       0x080029db   Thumb Code     2  handlers.o(i.__scatterload_null)
    __scatterload_zeroinit                   0x080029dd   Thumb Code    14  handlers.o(i.__scatterload_zeroinit)
    bsp_SD_Init                              0x08002d81   Thumb Code   218  bsp_sdio_sd.o(i.bsp_SD_Init)
    bsp_ov7725_Init                          0x08002e75   Thumb Code   170  bsp_ov7725.o(i.bsp_ov7725_Init)
    bsp_sccb_Init                            0x08002f45   Thumb Code    94  bsp_sccb.o(i.bsp_sccb_Init)
    bsp_sccb_No_Ack                          0x08002fb9   Thumb Code    58  bsp_sccb.o(i.bsp_sccb_No_Ack)
    bsp_sccb_RD_Byte                         0x08002ffd   Thumb Code   110  bsp_sccb.o(i.bsp_sccb_RD_Byte)
    bsp_sccb_RD_Reg                          0x08003079   Thumb Code    82  bsp_sccb.o(i.bsp_sccb_RD_Reg)
    bsp_sccb_Start                           0x080030cd   Thumb Code    52  bsp_sccb.o(i.bsp_sccb_Start)
    bsp_sccb_Stop                            0x08003109   Thumb Code    52  bsp_sccb.o(i.bsp_sccb_Stop)
    bsp_sccb_WR_Byte                         0x08003145   Thumb Code   192  bsp_sccb.o(i.bsp_sccb_WR_Byte)
    bsp_sccb_WR_Reg                          0x08003211   Thumb Code    74  bsp_sccb.o(i.bsp_sccb_WR_Reg)
    delay_init                               0x0800325d   Thumb Code    40  delay.o(i.delay_init)
    delay_ms                                 0x08003291   Thumb Code    26  delay.o(i.delay_ms)
    delay_us                                 0x080032ad   Thumb Code    48  delay.o(i.delay_us)
    flash_w25qxx_Init                        0x080032e1   Thumb Code   196  bsp_flash_w25q.o(i.flash_w25qxx_Init)
    fputc                                    0x080033b9   Thumb Code    18  bsp_usart.o(i.fputc)
    main                                     0x080033d1   Thumb Code    54  main.o(i.main)
    AHBPrescTable                            0x08003406   Data          16  system_stm32f1xx.o(.constdata)
    APBPrescTable                            0x08003416   Data           8  system_stm32f1xx.o(.constdata)
    ov7725_init_reg_tb1                      0x0800341e   Data         130  bsp_ov7725.o(.constdata)
    Region$$Table$$Base                      0x080034a0   Number         0  anon$$obj.o(Region$$Table)
    Region$$Table$$Limit                     0x080034c0   Number         0  anon$$obj.o(Region$$Table)
    uwTickFreq                               0x20000008   Data           1  stm32f1xx_hal.o(.data)
    uwTickPrio                               0x2000000c   Data           4  stm32f1xx_hal.o(.data)
    uwTick                                   0x20000010   Data           4  stm32f1xx_hal.o(.data)
    SystemCoreClock                          0x20000014   Data           4  system_stm32f1xx.o(.data)
    aRxBuffer                                0x2000001c   Data           1  bsp_usart.o(.data)
    USART_RX_STA                             0x2000001e   Data           2  bsp_usart.o(.data)
    __stdout                                 0x20000020   Data           4  bsp_usart.o(.data)
    frame_state                              0x20000024   Data           1  bsp_ov7725.o(.data)
    hsram3                                   0x20000028   Data          72  fsmc.o(.bss)
    hsram4                                   0x20000070   Data          72  fsmc.o(.bss)
    hsd                                      0x200000b8   Data         132  sdio.o(.bss)
    hdma_sdio                                0x2000013c   Data          68  sdio.o(.bss)
    huart1                                   0x20000180   Data          68  usart.o(.bss)
    USART_RX_BUF                             0x200001c4   Data         200  bsp_usart.o(.bss)
    UART1_Handler                            0x2000028c   Data          68  bsp_usart.o(.bss)
    SD_hsd                                   0x200002d0   Data         132  bsp_sdio_sd.o(.bss)
    SD_Info                                  0x20000354   Data          32  bsp_sdio_sd.o(.bss)
    hdma_SD                                  0x20000374   Data          68  bsp_sdio_sd.o(.bss)
    w25q_spi                                 0x200003b8   Data          88  bsp_flash_w25q.o(.bss)
    RxBuff_1                                 0x20000410   Data        4096  bsp_flash_w25q.o(.bss)
    __initial_sp                             0x20001810   Data           0  startup_stm32f103xe.o(STACK)
    Exram_Base                               0x68000000   Data       983040  bsp_malloc.o(.ARM.__AT_0x68000000)
    Exram_StateTable                         0x680f0000   Data       61440  bsp_malloc.o(.ARM.__AT_0x680F0000)



==============================================================================

Memory Map of the image

  Image Entry point : 0x08000131

  Load Region LR_IROM1 (Base: 0x08000000, Size: 0x000034e8, Max: 0x00080000, ABSOLUTE)

    Execution Region ER_IROM1 (Exec base: 0x08000000, Load base: 0x08000000, Size: 0x000034c0, Max: 0x00080000, ABSOLUTE)

    Exec Addr    Load Addr    Size         Type   Attr      Idx    E Section Name        Object

    0x08000000   0x08000000   0x00000130   Data   RO            3    RESET               startup_stm32f103xe.o
    0x08000130   0x08000130   0x00000000   Code   RO         4022  * .ARM.Collect$$$$00000000  mc_w.l(entry.o)
    0x08000130   0x08000130   0x00000004   Code   RO         4308    .ARM.Collect$$$$00000001  mc_w.l(entry2.o)
    0x08000134   0x08000134   0x00000004   Code   RO         4311    .ARM.Collect$$$$00000004  mc_w.l(entry5.o)
    0x08000138   0x08000138   0x00000000   Code   RO         4313    .ARM.Collect$$$$00000008  mc_w.l(entry7b.o)
    0x08000138   0x08000138   0x00000000   Code   RO         4315    .ARM.Collect$$$$0000000A  mc_w.l(entry8b.o)
    0x08000138   0x08000138   0x00000008   Code   RO         4316    .ARM.Collect$$$$0000000B  mc_w.l(entry9a.o)
    0x08000140   0x08000140   0x00000004   Code   RO         4323    .ARM.Collect$$$$0000000E  mc_w.l(entry12b.o)
    0x08000144   0x08000144   0x00000000   Code   RO         4318    .ARM.Collect$$$$0000000F  mc_w.l(entry10a.o)
    0x08000144   0x08000144   0x00000000   Code   RO         4320    .ARM.Collect$$$$00000011  mc_w.l(entry11a.o)
    0x08000144   0x08000144   0x00000004   Code   RO         4309    .ARM.Collect$$$$00002712  mc_w.l(entry2.o)
    0x08000148   0x08000148   0x00000024   Code   RO            4    .text               startup_stm32f103xe.o
    0x0800016c   0x0800016c   0x00000020   Code   RO         4025    .text               mc_w.l(llushr.o)
    0x0800018c   0x0800018c   0x00000024   Code   RO         4029    .text               mc_w.l(memseta.o)
    0x080001b0   0x080001b0   0x00000062   Code   RO         4326    .text               mc_w.l(uldiv.o)
    0x08000212   0x08000212   0x0000001e   Code   RO         4328    .text               mc_w.l(llshl.o)
    0x08000230   0x08000230   0x00000024   Code   RO         4343    .text               mc_w.l(init.o)
    0x08000254   0x08000254   0x00000002   Code   RO          384    i.BusFault_Handler  stm32f1xx_it.o
    0x08000256   0x08000256   0x00000002   PAD
    0x08000258   0x08000258   0x0000000c   Code   RO          385    i.DMA2_Channel4_5_IRQHandler  stm32f1xx_it.o
    0x08000264   0x08000264   0x00000002   Code   RO          386    i.DebugMon_Handler  stm32f1xx_it.o
    0x08000266   0x08000266   0x00000008   Code   RO         3550    i.EXTI9_5_IRQHandler  bsp_ov7725.o
    0x0800026e   0x0800026e   0x00000004   Code   RO           13    i.Error_Handler     main.o
    0x08000272   0x08000272   0x00000002   PAD
    0x08000274   0x08000274   0x0000003c   Code   RO          862    i.FSMC_NORSRAM_Extended_Timing_Init  stm32f1xx_ll_fsmc.o
    0x080002b0   0x080002b0   0x00000068   Code   RO          863    i.FSMC_NORSRAM_Init  stm32f1xx_ll_fsmc.o
    0x08000318   0x08000318   0x00000044   Code   RO          864    i.FSMC_NORSRAM_Timing_Init  stm32f1xx_ll_fsmc.o
    0x0800035c   0x0800035c   0x00000046   Code   RO         1359    i.HAL_DMA_Abort     stm32f1xx_hal_dma.o
    0x080003a2   0x080003a2   0x00000002   PAD
    0x080003a4   0x080003a4   0x00000130   Code   RO         1360    i.HAL_DMA_Abort_IT  stm32f1xx_hal_dma.o
    0x080004d4   0x080004d4   0x00000248   Code   RO         1364    i.HAL_DMA_IRQHandler  stm32f1xx_hal_dma.o
    0x0800071c   0x0800071c   0x0000007c   Code   RO         1365    i.HAL_DMA_Init      stm32f1xx_hal_dma.o
    0x08000798   0x08000798   0x00000024   Code   RO          987    i.HAL_Delay         stm32f1xx_hal.o
    0x080007bc   0x080007bc   0x00000094   Code   RO          252    i.HAL_FSMC_MspInit  fsmc.o
    0x08000850   0x08000850   0x00000030   Code   RO         3551    i.HAL_GPIO_EXTI_Callback  bsp_ov7725.o
    0x08000880   0x08000880   0x00000018   Code   RO         1294    i.HAL_GPIO_EXTI_IRQHandler  stm32f1xx_hal_gpio.o
    0x08000898   0x08000898   0x000001f8   Code   RO         1295    i.HAL_GPIO_Init     stm32f1xx_hal_gpio.o
    0x08000a90   0x08000a90   0x0000000a   Code   RO         1299    i.HAL_GPIO_WritePin  stm32f1xx_hal_gpio.o
    0x08000a9a   0x08000a9a   0x00000002   PAD
    0x08000a9c   0x08000a9c   0x0000000c   Code   RO          991    i.HAL_GetTick       stm32f1xx_hal.o
    0x08000aa8   0x08000aa8   0x00000010   Code   RO          997    i.HAL_IncTick       stm32f1xx_hal.o
    0x08000ab8   0x08000ab8   0x00000024   Code   RO          998    i.HAL_Init          stm32f1xx_hal.o
    0x08000adc   0x08000adc   0x00000040   Code   RO          999    i.HAL_InitTick      stm32f1xx_hal.o
    0x08000b1c   0x08000b1c   0x0000003c   Code   RO          472    i.HAL_MspInit       stm32f1xx_hal_msp.o
    0x08000b58   0x08000b58   0x0000001a   Code   RO         1455    i.HAL_NVIC_EnableIRQ  stm32f1xx_hal_cortex.o
    0x08000b72   0x08000b72   0x00000002   PAD
    0x08000b74   0x08000b74   0x00000040   Code   RO         1461    i.HAL_NVIC_SetPriority  stm32f1xx_hal_cortex.o
    0x08000bb4   0x08000bb4   0x00000024   Code   RO         1462    i.HAL_NVIC_SetPriorityGrouping  stm32f1xx_hal_cortex.o
    0x08000bd8   0x08000bd8   0x0000012c   Code   RO         1155    i.HAL_RCC_ClockConfig  stm32f1xx_hal_rcc.o
    0x08000d04   0x08000d04   0x00000020   Code   RO         1162    i.HAL_RCC_GetPCLK1Freq  stm32f1xx_hal_rcc.o
    0x08000d24   0x08000d24   0x00000020   Code   RO         1163    i.HAL_RCC_GetPCLK2Freq  stm32f1xx_hal_rcc.o
    0x08000d44   0x08000d44   0x0000006c   Code   RO         1164    i.HAL_RCC_GetSysClockFreq  stm32f1xx_hal_rcc.o
    0x08000db0   0x08000db0   0x00000320   Code   RO         1167    i.HAL_RCC_OscConfig  stm32f1xx_hal_rcc.o
    0x080010d0   0x080010d0   0x00000002   Code   RO         2361    i.HAL_SD_AbortCallback  stm32f1xx_hal_sd.o
    0x080010d2   0x080010d2   0x00000002   PAD
    0x080010d4   0x080010d4   0x00000118   Code   RO         2363    i.HAL_SD_ConfigWideBusOperation  stm32f1xx_hal_sd.o
    0x080011ec   0x080011ec   0x00000002   Code   RO         2366    i.HAL_SD_ErrorCallback  stm32f1xx_hal_sd.o
    0x080011ee   0x080011ee   0x00000002   PAD
    0x080011f0   0x080011f0   0x00000198   Code   RO         2368    i.HAL_SD_GetCardCSD  stm32f1xx_hal_sd.o
    0x08001388   0x08001388   0x00000024   Code   RO         2369    i.HAL_SD_GetCardInfo  stm32f1xx_hal_sd.o
    0x080013ac   0x080013ac   0x0000002c   Code   RO         2370    i.HAL_SD_GetCardState  stm32f1xx_hal_sd.o
    0x080013d8   0x080013d8   0x000001f8   Code   RO         2374    i.HAL_SD_IRQHandler  stm32f1xx_hal_sd.o
    0x080015d0   0x080015d0   0x00000036   Code   RO         2375    i.HAL_SD_Init       stm32f1xx_hal_sd.o
    0x08001606   0x08001606   0x00000002   PAD
    0x08001608   0x08001608   0x00000074   Code   RO         2376    i.HAL_SD_InitCard   stm32f1xx_hal_sd.o
    0x0800167c   0x0800167c   0x000000c8   Code   RO          301    i.HAL_SD_MspInit    sdio.o
    0x08001744   0x08001744   0x00000002   Code   RO         2382    i.HAL_SD_RxCpltCallback  stm32f1xx_hal_sd.o
    0x08001746   0x08001746   0x00000002   Code   RO         2383    i.HAL_SD_TxCpltCallback  stm32f1xx_hal_sd.o
    0x08001748   0x08001748   0x000000b2   Code   RO          507    i.HAL_SPI_Init      stm32f1xx_hal_spi.o
    0x080017fa   0x080017fa   0x00000002   Code   RO          509    i.HAL_SPI_MspInit   stm32f1xx_hal_spi.o
    0x080017fc   0x080017fc   0x00000064   Code   RO         1959    i.HAL_SRAM_Init     stm32f1xx_hal_sram.o
    0x08001860   0x08001860   0x00000004   Code   RO          254    i.HAL_SRAM_MspInit  fsmc.o
    0x08001864   0x08001864   0x00000018   Code   RO         1464    i.HAL_SYSTICK_CLKSourceConfig  stm32f1xx_hal_cortex.o
    0x0800187c   0x0800187c   0x00000028   Code   RO         1466    i.HAL_SYSTICK_Config  stm32f1xx_hal_cortex.o
    0x080018a4   0x080018a4   0x00000002   Code   RO         2632    i.HAL_UARTEx_RxEventCallback  stm32f1xx_hal_uart.o
    0x080018a6   0x080018a6   0x00000002   Code   RO         2646    i.HAL_UART_ErrorCallback  stm32f1xx_hal_uart.o
    0x080018a8   0x080018a8   0x0000000a   Code   RO         2648    i.HAL_UART_GetState  stm32f1xx_hal_uart.o
    0x080018b2   0x080018b2   0x00000002   PAD
    0x080018b4   0x080018b4   0x0000020c   Code   RO         2649    i.HAL_UART_IRQHandler  stm32f1xx_hal_uart.o
    0x08001ac0   0x08001ac0   0x00000062   Code   RO         2650    i.HAL_UART_Init     stm32f1xx_hal_uart.o
    0x08001b22   0x08001b22   0x00000002   PAD
    0x08001b24   0x08001b24   0x00000070   Code   RO          343    i.HAL_UART_MspInit  usart.o
    0x08001b94   0x08001b94   0x0000002a   Code   RO         2655    i.HAL_UART_Receive_IT  stm32f1xx_hal_uart.o
    0x08001bbe   0x08001bbe   0x00000002   PAD
    0x08001bc0   0x08001bc0   0x00000058   Code   RO         3104    i.HAL_UART_RxCpltCallback  bsp_usart.o
    0x08001c18   0x08001c18   0x00000002   Code   RO         2661    i.HAL_UART_TxCpltCallback  stm32f1xx_hal_uart.o
    0x08001c1a   0x08001c1a   0x00000002   Code   RO          387    i.HardFault_Handler  stm32f1xx_it.o
    0x08001c1c   0x08001c1c   0x0000002c   Code   RO          228    i.MX_DMA_Init       dma.o
    0x08001c48   0x08001c48   0x000000e4   Code   RO          255    i.MX_FSMC_Init      fsmc.o
    0x08001d2c   0x08001d2c   0x0000006c   Code   RO          204    i.MX_GPIO_Init      gpio.o
    0x08001d98   0x08001d98   0x00000078   Code   RO          302    i.MX_SDIO_SD_Init   sdio.o
    0x08001e10   0x08001e10   0x00000038   Code   RO          344    i.MX_USART1_UART_Init  usart.o
    0x08001e48   0x08001e48   0x00000002   Code   RO          388    i.MemManage_Handler  stm32f1xx_it.o
    0x08001e4a   0x08001e4a   0x00000002   Code   RO          389    i.NMI_Handler       stm32f1xx_it.o
    0x08001e4c   0x08001e4c   0x00000002   Code   RO          390    i.PendSV_Handler    stm32f1xx_it.o
    0x08001e4e   0x08001e4e   0x00000024   Code   RO         2090    i.SDIO_ConfigData   stm32f1xx_ll_sdmmc.o
    0x08001e72   0x08001e72   0x00000008   Code   RO         2094    i.SDIO_GetPowerState  stm32f1xx_ll_sdmmc.o
    0x08001e7a   0x08001e7a   0x00000006   Code   RO         2095    i.SDIO_GetResponse  stm32f1xx_ll_sdmmc.o
    0x08001e80   0x08001e80   0x0000000c   Code   RO          391    i.SDIO_IRQHandler   stm32f1xx_it.o
    0x08001e8c   0x08001e8c   0x00000024   Code   RO         2096    i.SDIO_Init         stm32f1xx_ll_sdmmc.o
    0x08001eb0   0x08001eb0   0x00000010   Code   RO         2098    i.SDIO_PowerState_ON  stm32f1xx_ll_sdmmc.o
    0x08001ec0   0x08001ec0   0x00000006   Code   RO         2099    i.SDIO_ReadFIFO     stm32f1xx_ll_sdmmc.o
    0x08001ec6   0x08001ec6   0x00000020   Code   RO         2100    i.SDIO_SendCommand  stm32f1xx_ll_sdmmc.o
    0x08001ee6   0x08001ee6   0x0000000a   Code   RO         2102    i.SDIO_WriteFIFO    stm32f1xx_ll_sdmmc.o
    0x08001ef0   0x08001ef0   0x00000032   Code   RO         2103    i.SDMMC_CmdAppCommand  stm32f1xx_ll_sdmmc.o
    0x08001f22   0x08001f22   0x00000002   PAD
    0x08001f24   0x08001f24   0x00000034   Code   RO         2104    i.SDMMC_CmdAppOperCommand  stm32f1xx_ll_sdmmc.o
    0x08001f58   0x08001f58   0x00000032   Code   RO         2105    i.SDMMC_CmdBlockLength  stm32f1xx_ll_sdmmc.o
    0x08001f8a   0x08001f8a   0x00000032   Code   RO         2106    i.SDMMC_CmdBusWidth  stm32f1xx_ll_sdmmc.o
    0x08001fbc   0x08001fbc   0x00000050   Code   RO         2110    i.SDMMC_CmdGoIdleState  stm32f1xx_ll_sdmmc.o
    0x0800200c   0x0800200c   0x00000074   Code   RO         2112    i.SDMMC_CmdOperCond  stm32f1xx_ll_sdmmc.o
    0x08002080   0x08002080   0x00000032   Code   RO         2117    i.SDMMC_CmdSelDesel  stm32f1xx_ll_sdmmc.o
    0x080020b2   0x080020b2   0x0000002c   Code   RO         2118    i.SDMMC_CmdSendCID  stm32f1xx_ll_sdmmc.o
    0x080020de   0x080020de   0x0000002c   Code   RO         2119    i.SDMMC_CmdSendCSD  stm32f1xx_ll_sdmmc.o
    0x0800210a   0x0800210a   0x00000030   Code   RO         2121    i.SDMMC_CmdSendSCR  stm32f1xx_ll_sdmmc.o
    0x0800213a   0x0800213a   0x00000032   Code   RO         2122    i.SDMMC_CmdSendStatus  stm32f1xx_ll_sdmmc.o
    0x0800216c   0x0800216c   0x00000030   Code   RO         2123    i.SDMMC_CmdSetRelAdd  stm32f1xx_ll_sdmmc.o
    0x0800219c   0x0800219c   0x00000034   Code   RO         2125    i.SDMMC_CmdStopTransfer  stm32f1xx_ll_sdmmc.o
    0x080021d0   0x080021d0   0x00000120   Code   RO         2129    i.SDMMC_GetCmdResp1  stm32f1xx_ll_sdmmc.o
    0x080022f0   0x080022f0   0x00000050   Code   RO         2130    i.SDMMC_GetCmdResp2  stm32f1xx_ll_sdmmc.o
    0x08002340   0x08002340   0x00000044   Code   RO         2131    i.SDMMC_GetCmdResp3  stm32f1xx_ll_sdmmc.o
    0x08002384   0x08002384   0x00000088   Code   RO         2132    i.SDMMC_GetCmdResp6  stm32f1xx_ll_sdmmc.o
    0x0800240c   0x0800240c   0x00000044   Code   RO         2389    i.SD_DMARxAbort     stm32f1xx_hal_sd.o
    0x08002450   0x08002450   0x00000044   Code   RO         2391    i.SD_DMATxAbort     stm32f1xx_hal_sd.o
    0x08002494   0x08002494   0x000000da   Code   RO         2392    i.SD_FindSCR        stm32f1xx_hal_sd.o
    0x0800256e   0x0800256e   0x000000ee   Code   RO         2393    i.SD_InitCard       stm32f1xx_hal_sd.o
    0x0800265c   0x0800265c   0x000000b4   Code   RO         2394    i.SD_PowerON        stm32f1xx_hal_sd.o
    0x08002710   0x08002710   0x00000002   Code   RO          392    i.SVC_Handler       stm32f1xx_it.o
    0x08002712   0x08002712   0x00000004   Code   RO          393    i.SysTick_Handler   stm32f1xx_it.o
    0x08002716   0x08002716   0x0000005e   Code   RO           14    i.SystemClock_Config  main.o
    0x08002774   0x08002774   0x00000002   Code   RO         2979    i.SystemInit        system_stm32f1xx.o
    0x08002776   0x08002776   0x00000010   Code   RO         2663    i.UART_DMAAbortOnError  stm32f1xx_hal_uart.o
    0x08002786   0x08002786   0x00000030   Code   RO         2673    i.UART_EndRxTransfer  stm32f1xx_hal_uart.o
    0x080027b6   0x080027b6   0x000000b6   Code   RO         2675    i.UART_Receive_IT   stm32f1xx_hal_uart.o
    0x0800286c   0x0800286c   0x000000b8   Code   RO         2676    i.UART_SetConfig    stm32f1xx_hal_uart.o
    0x08002924   0x08002924   0x00000036   Code   RO         2678    i.UART_Start_Receive_IT  stm32f1xx_hal_uart.o
    0x0800295a   0x0800295a   0x00000002   PAD
    0x0800295c   0x0800295c   0x0000002c   Code   RO         3105    i.USART1_IRQHandler  bsp_usart.o
    0x08002988   0x08002988   0x00000002   Code   RO          394    i.UsageFault_Handler  stm32f1xx_it.o
    0x0800298a   0x0800298a   0x00000002   PAD
    0x0800298c   0x0800298c   0x00000020   Code   RO         4170    i.__0printf$5       mc_w.l(printf5.o)
    0x080029ac   0x080029ac   0x00000020   Code   RO         1468    i.__NVIC_SetPriority  stm32f1xx_hal_cortex.o
    0x080029cc   0x080029cc   0x0000000e   Code   RO         4347    i.__scatterload_copy  mc_w.l(handlers.o)
    0x080029da   0x080029da   0x00000002   Code   RO         4348    i.__scatterload_null  mc_w.l(handlers.o)
    0x080029dc   0x080029dc   0x0000000e   Code   RO         4349    i.__scatterload_zeroinit  mc_w.l(handlers.o)
    0x080029ea   0x080029ea   0x00000002   PAD
    0x080029ec   0x080029ec   0x000002c0   Code   RO         4177    i._printf_core      mc_w.l(printf5.o)
    0x08002cac   0x08002cac   0x000000d4   Code   RO         3553    i.bsp_FIFO_Init     bsp_ov7725.o
    0x08002d80   0x08002d80   0x000000f4   Code   RO         3292    i.bsp_SD_Init       bsp_sdio_sd.o
    0x08002e74   0x08002e74   0x000000d0   Code   RO         3554    i.bsp_ov7725_Init   bsp_ov7725.o
    0x08002f44   0x08002f44   0x00000074   Code   RO         3484    i.bsp_sccb_Init     bsp_sccb.o
    0x08002fb8   0x08002fb8   0x00000044   Code   RO         3485    i.bsp_sccb_No_Ack   bsp_sccb.o
    0x08002ffc   0x08002ffc   0x0000007c   Code   RO         3486    i.bsp_sccb_RD_Byte  bsp_sccb.o
    0x08003078   0x08003078   0x00000052   Code   RO         3487    i.bsp_sccb_RD_Reg   bsp_sccb.o
    0x080030ca   0x080030ca   0x00000002   PAD
    0x080030cc   0x080030cc   0x0000003c   Code   RO         3488    i.bsp_sccb_Start    bsp_sccb.o
    0x08003108   0x08003108   0x0000003c   Code   RO         3489    i.bsp_sccb_Stop     bsp_sccb.o
    0x08003144   0x08003144   0x000000cc   Code   RO         3490    i.bsp_sccb_WR_Byte  bsp_sccb.o
    0x08003210   0x08003210   0x0000004a   Code   RO         3491    i.bsp_sccb_WR_Reg   bsp_sccb.o
    0x0800325a   0x0800325a   0x00000002   PAD
    0x0800325c   0x0800325c   0x00000034   Code   RO         3016    i.delay_init        delay.o
    0x08003290   0x08003290   0x0000001a   Code   RO         3017    i.delay_ms          delay.o
    0x080032aa   0x080032aa   0x00000002   PAD
    0x080032ac   0x080032ac   0x00000034   Code   RO         3018    i.delay_us          delay.o
    0x080032e0   0x080032e0   0x000000d8   Code   RO         3347    i.flash_w25qxx_Init  bsp_flash_w25q.o
    0x080033b8   0x080033b8   0x00000018   Code   RO         3107    i.fputc             bsp_usart.o
    0x080033d0   0x080033d0   0x00000036   Code   RO           15    i.main              main.o
    0x08003406   0x08003406   0x00000010   Data   RO         2980    .constdata          system_stm32f1xx.o
    0x08003416   0x08003416   0x00000008   Data   RO         2981    .constdata          system_stm32f1xx.o
    0x0800341e   0x0800341e   0x00000082   Data   RO         3557    .constdata          bsp_ov7725.o
    0x080034a0   0x080034a0   0x00000020   Data   RO         4345    Region$$Table       anon$$obj.o


    Execution Region RW_IRAM1 (Exec base: 0x20000000, Load base: 0x080034c0, Size: 0x00001810, Max: 0x00010000, ABSOLUTE)

    Exec Addr    Load Addr    Size         Type   Attr      Idx    E Section Name        Object

    0x20000000   0x080034c0   0x00000008   Data   RW          257    .data               fsmc.o
    0x20000008   0x080034c8   0x0000000c   Data   RW         1005    .data               stm32f1xx_hal.o
    0x20000014   0x080034d4   0x00000004   Data   RW         2982    .data               system_stm32f1xx.o
    0x20000018   0x080034d8   0x00000004   Data   RW         3019    .data               delay.o
    0x2000001c   0x080034dc   0x00000004   Data   RW         3110    .data               bsp_usart.o
    0x20000020   0x080034e0   0x00000004   Data   RW         3111    .data               bsp_usart.o
    0x20000024   0x080034e4   0x00000001   Data   RW         3558    .data               bsp_ov7725.o
    0x20000025   0x080034e5   0x00000003   PAD
    0x20000028        -       0x00000090   Zero   RW          256    .bss                fsmc.o
    0x200000b8        -       0x000000c8   Zero   RW          303    .bss                sdio.o
    0x20000180        -       0x00000044   Zero   RW          345    .bss                usart.o
    0x200001c4        -       0x0000010c   Zero   RW         3109    .bss                bsp_usart.o
    0x200002d0        -       0x000000e8   Zero   RW         3295    .bss                bsp_sdio_sd.o
    0x200003b8        -       0x00001058   Zero   RW         3348    .bss                bsp_flash_w25q.o
    0x20001410        -       0x00000400   Zero   RW            1    STACK               startup_stm32f103xe.o



  Load Region LR$$.ARM.__AT_0x68000000 (Base: 0x68000000, Size: 0x00000000, Max: 0x000f0000, ABSOLUTE)

    Execution Region ER$$.ARM.__AT_0x68000000 (Exec base: 0x68000000, Load base: 0x68000000, Size: 0x000f0000, Max: 0x000f0000, ABSOLUTE, UNINIT)

    Exec Addr    Load Addr    Size         Type   Attr      Idx    E Section Name        Object

    0x68000000        -       0x000f0000   Zero   RW         3443    .ARM.__AT_0x68000000  bsp_malloc.o



  Load Region LR$$.ARM.__AT_0x680F0000 (Base: 0x680f0000, Size: 0x00000000, Max: 0x0000f000, ABSOLUTE)

    Execution Region ER$$.ARM.__AT_0x680F0000 (Exec base: 0x680f0000, Load base: 0x680f0000, Size: 0x0000f000, Max: 0x0000f000, ABSOLUTE, UNINIT)

    Exec Addr    Load Addr    Size         Type   Attr      Idx    E Section Name        Object

    0x680f0000        -       0x0000f000   Zero   RW         3444    .ARM.__AT_0x680F0000  bsp_malloc.o


==============================================================================

Image component sizes


      Code (inc. data)   RO Data    RW Data    ZI Data      Debug   Object Name

       216         20          0          0       4184       1762   bsp_flash_w25q.o
         0          0          0          0    1044480       1700   bsp_malloc.o
       476         84        130          1          0       6082   bsp_ov7725.o
       788         74          0          0          0       5497   bsp_sccb.o
       244         26          0          0        232       1623   bsp_sdio_sd.o
       156         28          0          8        268       3730   bsp_usart.o
       130         16          0          4          0      27362   delay.o
        44          4          0          0          0        762   dma.o
       380         38          0          8        144       2322   fsmc.o
       108          6          0          0          0        931   gpio.o
       152          0          0          0          0     501184   main.o
       320         36          0          0        200       1915   sdio.o
        36          8        304          0       1024        804   startup_stm32f103xe.o
       164         28          0         12          0       6529   stm32f1xx_hal.o
       222         14          0          0          0      29549   stm32f1xx_hal_cortex.o
      1082         52          0          0          0       3531   stm32f1xx_hal_dma.o
       538         48          0          0          0       3503   stm32f1xx_hal_gpio.o
        60          8          0          0          0        874   stm32f1xx_hal_msp.o
      1272        100          0          0          0       5204   stm32f1xx_hal_rcc.o
      2222         32          0          0          0      13393   stm32f1xx_hal_sd.o
       180          0          0          0          0       1737   stm32f1xx_hal_spi.o
       100          0          0          0          0       1208   stm32f1xx_hal_sram.o
      1164         10          0          0          0       9068   stm32f1xx_hal_uart.o
        44         12          0          0          0       4777   stm32f1xx_it.o
       232         14          0          0          0       3867   stm32f1xx_ll_fsmc.o
      1456         46          0          0          0      19191   stm32f1xx_ll_sdmmc.o
         2          0         24          4          0       1119   system_stm32f1xx.o
       168         20          0          0         68       1690   usart.o

    ----------------------------------------------------------------------
     11990        724        490         40    1050600     660914   Object Totals
         0          0         32          0          0          0   (incl. Generated)
        34          0          0          3          0          0   (incl. Padding)

    ----------------------------------------------------------------------

      Code (inc. data)   RO Data    RW Data    ZI Data      Debug   Library Member Name

         0          0          0          0          0          0   entry.o
         0          0          0          0          0          0   entry10a.o
         0          0          0          0          0          0   entry11a.o
         4          0          0          0          0          0   entry12b.o
         8          4          0          0          0          0   entry2.o
         4          0          0          0          0          0   entry5.o
         0          0          0          0          0          0   entry7b.o
         0          0          0          0          0          0   entry8b.o
         8          4          0          0          0          0   entry9a.o
        30          0          0          0          0          0   handlers.o
        36          8          0          0          0         68   init.o
        30          0          0          0          0         68   llshl.o
        32          0          0          0          0         68   llushr.o
        36          0          0          0          0        108   memseta.o
       736         54          0          0          0        184   printf5.o
        98          0          0          0          0         92   uldiv.o

    ----------------------------------------------------------------------
      1024         70          0          0          0        588   Library Totals
         2          0          0          0          0          0   (incl. Padding)

    ----------------------------------------------------------------------

      Code (inc. data)   RO Data    RW Data    ZI Data      Debug   Library Name

      1022         70          0          0          0        588   mc_w.l

    ----------------------------------------------------------------------
      1024         70          0          0          0        588   Library Totals

    ----------------------------------------------------------------------

==============================================================================


      Code (inc. data)   RO Data    RW Data    ZI Data      Debug   

     13014        794        490         40    1050600     655102   Grand Totals
     13014        794        490         40    1050600     655102   ELF Image Totals
     13014        794        490         40          0          0   ROM Totals

==============================================================================

    Total RO  Size (Code + RO Data)                13504 (  13.19kB)
    Total RW  Size (RW Data + ZI Data)           1050640 (1026.02kB)
    Total ROM Size (Code + RO Data + RW Data)      13544 (  13.23kB)

==============================================================================

